Archive member included to satisfy reference by file (symbol)

c:/st/stm32cubeide_1.9.0/stm32cubeide/plugins/com.st.stm32cube.ide.mcu.externaltools.gnu-tools-for-stm32.10.3-2021.10.win32_1.0.0.202111181127/tools/bin/../lib/gcc/arm-none-eabi/10.3.1/../../../../arm-none-eabi/lib/thumb/v7e-m+fp/hard\libc_nano.a(lib_a-errno.o)
                              ./Core/Src/syscalls.o (__errno)
c:/st/stm32cubeide_1.9.0/stm32cubeide/plugins/com.st.stm32cube.ide.mcu.externaltools.gnu-tools-for-stm32.10.3-2021.10.win32_1.0.0.202111181127/tools/bin/../lib/gcc/arm-none-eabi/10.3.1/../../../../arm-none-eabi/lib/thumb/v7e-m+fp/hard\libc_nano.a(lib_a-exit.o)
                              c:/st/stm32cubeide_1.9.0/stm32cubeide/plugins/com.st.stm32cube.ide.mcu.externaltools.gnu-tools-for-stm32.10.3-2021.10.win32_1.0.0.202111181127/tools/bin/../lib/gcc/arm-none-eabi/10.3.1/../../../../arm-none-eabi/lib/thumb/v7e-m+fp/hard/crt0.o (exit)
c:/st/stm32cubeide_1.9.0/stm32cubeide/plugins/com.st.stm32cube.ide.mcu.externaltools.gnu-tools-for-stm32.10.3-2021.10.win32_1.0.0.202111181127/tools/bin/../lib/gcc/arm-none-eabi/10.3.1/../../../../arm-none-eabi/lib/thumb/v7e-m+fp/hard\libc_nano.a(lib_a-impure.o)
                              c:/st/stm32cubeide_1.9.0/stm32cubeide/plugins/com.st.stm32cube.ide.mcu.externaltools.gnu-tools-for-stm32.10.3-2021.10.win32_1.0.0.202111181127/tools/bin/../lib/gcc/arm-none-eabi/10.3.1/../../../../arm-none-eabi/lib/thumb/v7e-m+fp/hard\libc_nano.a(lib_a-exit.o) (_global_impure_ptr)
c:/st/stm32cubeide_1.9.0/stm32cubeide/plugins/com.st.stm32cube.ide.mcu.externaltools.gnu-tools-for-stm32.10.3-2021.10.win32_1.0.0.202111181127/tools/bin/../lib/gcc/arm-none-eabi/10.3.1/../../../../arm-none-eabi/lib/thumb/v7e-m+fp/hard\libc_nano.a(lib_a-init.o)
                              c:/st/stm32cubeide_1.9.0/stm32cubeide/plugins/com.st.stm32cube.ide.mcu.externaltools.gnu-tools-for-stm32.10.3-2021.10.win32_1.0.0.202111181127/tools/bin/../lib/gcc/arm-none-eabi/10.3.1/../../../../arm-none-eabi/lib/thumb/v7e-m+fp/hard/crt0.o (__libc_init_array)
c:/st/stm32cubeide_1.9.0/stm32cubeide/plugins/com.st.stm32cube.ide.mcu.externaltools.gnu-tools-for-stm32.10.3-2021.10.win32_1.0.0.202111181127/tools/bin/../lib/gcc/arm-none-eabi/10.3.1/../../../../arm-none-eabi/lib/thumb/v7e-m+fp/hard\libc_nano.a(lib_a-malloc.o)
                              ./Middlewares/ST/STM32_USB_Host_Library/Class/CDC/Src/usbh_cdc.o (malloc)
c:/st/stm32cubeide_1.9.0/stm32cubeide/plugins/com.st.stm32cube.ide.mcu.externaltools.gnu-tools-for-stm32.10.3-2021.10.win32_1.0.0.202111181127/tools/bin/../lib/gcc/arm-none-eabi/10.3.1/../../../../arm-none-eabi/lib/thumb/v7e-m+fp/hard\libc_nano.a(lib_a-memset.o)
                              c:/st/stm32cubeide_1.9.0/stm32cubeide/plugins/com.st.stm32cube.ide.mcu.externaltools.gnu-tools-for-stm32.10.3-2021.10.win32_1.0.0.202111181127/tools/bin/../lib/gcc/arm-none-eabi/10.3.1/../../../../arm-none-eabi/lib/thumb/v7e-m+fp/hard/crt0.o (memset)
c:/st/stm32cubeide_1.9.0/stm32cubeide/plugins/com.st.stm32cube.ide.mcu.externaltools.gnu-tools-for-stm32.10.3-2021.10.win32_1.0.0.202111181127/tools/bin/../lib/gcc/arm-none-eabi/10.3.1/../../../../arm-none-eabi/lib/thumb/v7e-m+fp/hard\libc_nano.a(lib_a-nano-freer.o)
                              c:/st/stm32cubeide_1.9.0/stm32cubeide/plugins/com.st.stm32cube.ide.mcu.externaltools.gnu-tools-for-stm32.10.3-2021.10.win32_1.0.0.202111181127/tools/bin/../lib/gcc/arm-none-eabi/10.3.1/../../../../arm-none-eabi/lib/thumb/v7e-m+fp/hard\libc_nano.a(lib_a-malloc.o) (_free_r)
c:/st/stm32cubeide_1.9.0/stm32cubeide/plugins/com.st.stm32cube.ide.mcu.externaltools.gnu-tools-for-stm32.10.3-2021.10.win32_1.0.0.202111181127/tools/bin/../lib/gcc/arm-none-eabi/10.3.1/../../../../arm-none-eabi/lib/thumb/v7e-m+fp/hard\libc_nano.a(lib_a-nano-mallocr.o)
                              c:/st/stm32cubeide_1.9.0/stm32cubeide/plugins/com.st.stm32cube.ide.mcu.externaltools.gnu-tools-for-stm32.10.3-2021.10.win32_1.0.0.202111181127/tools/bin/../lib/gcc/arm-none-eabi/10.3.1/../../../../arm-none-eabi/lib/thumb/v7e-m+fp/hard\libc_nano.a(lib_a-malloc.o) (_malloc_r)
c:/st/stm32cubeide_1.9.0/stm32cubeide/plugins/com.st.stm32cube.ide.mcu.externaltools.gnu-tools-for-stm32.10.3-2021.10.win32_1.0.0.202111181127/tools/bin/../lib/gcc/arm-none-eabi/10.3.1/../../../../arm-none-eabi/lib/thumb/v7e-m+fp/hard\libc_nano.a(lib_a-sbrkr.o)
                              c:/st/stm32cubeide_1.9.0/stm32cubeide/plugins/com.st.stm32cube.ide.mcu.externaltools.gnu-tools-for-stm32.10.3-2021.10.win32_1.0.0.202111181127/tools/bin/../lib/gcc/arm-none-eabi/10.3.1/../../../../arm-none-eabi/lib/thumb/v7e-m+fp/hard\libc_nano.a(lib_a-nano-mallocr.o) (_sbrk_r)
c:/st/stm32cubeide_1.9.0/stm32cubeide/plugins/com.st.stm32cube.ide.mcu.externaltools.gnu-tools-for-stm32.10.3-2021.10.win32_1.0.0.202111181127/tools/bin/../lib/gcc/arm-none-eabi/10.3.1/../../../../arm-none-eabi/lib/thumb/v7e-m+fp/hard\libc_nano.a(lib_a-mlock.o)
[...]
Memory Configuration

Name             Origin             Length             Attributes
CCMRAM           0x0000000010000000 0x0000000000010000 xrw
RAM              0x0000000020000000 0x0000000000020000 xrw
FLASH            0x0000000008000000 0x0000000000100000 xr
*default*        0x0000000000000000 0xffffffffffffffff

Linker script and memory map

LOAD c:/st/stm32cubeide_1.9.0/stm32cubeide/plugins/com.st.stm32cube.ide.mcu.externaltools.gnu-tools-for-stm32.10.3-2021.10.win32_1.0.0.202111181127/tools/bin/../lib/gcc/arm-none-eabi/10.3.1/thumb/v7e-m+fp/hard/crti.o
LOAD c:/st/stm32cubeide_1.9.0/stm32cubeide/plugins/com.st.stm32cube.ide.mcu.externaltools.gnu-tools-for-stm32.10.3-2021.10.win32_1.0.0.202111181127/tools/bin/../lib/gcc/arm-none-eabi/10.3.1/thumb/v7e-m+fp/hard/crtbegin.o
LOAD c:/st/stm32cubeide_1.9.0/stm32cubeide/plugins/com.st.stm32cube.ide.mcu.externaltools.gnu-tools-for-stm32.10.3-2021.10.win32_1.0.0.202111181127/tools/bin/../lib/gcc/arm-none-eabi/10.3.1/../../../../arm-none-eabi/lib/thumb/v7e-m+fp/hard/crt0.o
LOAD ./Core/Inc/lis302dl.o
LOAD ./Core/Inc/lis3dsh.o
LOAD ./Core/Src/main.o
LOAD ./Core/Src/mems.o
LOAD ./Core/Src/stm32f4_discovery.o
LOAD ./Core/Src/stm32f4_discovery_accelerometer.o
LOAD ./Core/Src/stm32f4xx_hal_msp.o
LOAD ./Core/Src/stm32f4xx_it.o
LOAD ./Core/Src/syscalls.o
LOAD ./Core/Src/sysmem.o
LOAD ./Core/Src/system_stm32f4xx.o
LOAD ./Core/Startup/startup_stm32f407vgtx.o
LOAD ./Drivers/STM32F4xx_HAL_Driver/Src/stm32f4xx_hal.o
LOAD ./Drivers/STM32F4xx_HAL_Driver/Src/stm32f4xx_hal_cortex.o
LOAD ./Drivers/STM32F4xx_HAL_Driver/Src/stm32f4xx_hal_dma.o
LOAD ./Drivers/STM32F4xx_HAL_Driver/Src/stm32f4xx_hal_dma_ex.o
LOAD ./Drivers/STM32F4xx_HAL_Driver/Src/stm32f4xx_hal_exti.o
LOAD ./Drivers/STM32F4xx_HAL_Driver/Src/stm32f4xx_hal_flash.o
LOAD ./Drivers/STM32F4xx_HAL_Driver/Src/stm32f4xx_hal_flash_ex.o
LOAD ./Drivers/STM32F4xx_HAL_Driver/Src/stm32f4xx_hal_flash_ramfunc.o
LOAD ./Drivers/STM32F4xx_HAL_Driver/Src/stm32f4xx_hal_gpio.o
LOAD ./Drivers/STM32F4xx_HAL_Driver/Src/stm32f4xx_hal_hcd.o
LOAD ./Drivers/STM32F4xx_HAL_Driver/Src/stm32f4xx_hal_i2c.o
LOAD ./Drivers/STM32F4xx_HAL_Driver/Src/stm32f4xx_hal_i2c_ex.o
LOAD ./Drivers/STM32F4xx_HAL_Driver/Src/stm32f4xx_hal_i2s.o
LOAD ./Drivers/STM32F4xx_HAL_Driver/Src/stm32f4xx_hal_i2s_ex.o
LOAD ./Drivers/STM32F4xx_HAL_Driver/Src/stm32f4xx_hal_pwr.o
LOAD ./Drivers/STM32F4xx_HAL_Driver/Src/stm32f4xx_hal_pwr_ex.o
LOAD ./Drivers/STM32F4xx_HAL_Driver/Src/stm32f4xx_hal_rcc.o
LOAD ./Drivers/STM32F4xx_HAL_Driver/Src/stm32f4xx_hal_rcc_ex.o
LOAD ./Drivers/STM32F4xx_HAL_Driver/Src/stm32f4xx_hal_spi.o
LOAD ./Drivers/STM32F4xx_HAL_Driver/Src/stm32f4xx_hal_tim.o
LOAD ./Drivers/STM32F4xx_HAL_Driver/Src/stm32f4xx_hal_tim_ex.o
LOAD ./Drivers/STM32F4xx_HAL_Driver/Src/stm32f4xx_ll_usb.o
LOAD ./Middlewares/ST/STM32_USB_Host_Library/Class/CDC/Src/usbh_cdc.o
LOAD ./Middlewares/ST/STM32_USB_Host_Library/Core/Src/usbh_core.o
LOAD ./Middlewares/ST/STM32_USB_Host_Library/Core/Src/usbh_ctlreq.o
LOAD ./Middlewares/ST/STM32_USB_Host_Library/Core/Src/usbh_ioreq.o
LOAD ./Middlewares/ST/STM32_USB_Host_Library/Core/Src/usbh_pipes.o
LOAD ./USB_HOST/App/usb_host.o
LOAD ./USB_HOST/Target/usbh_conf.o
LOAD ./USB_HOST/Target/usbh_platform.o
START GROUP
LOAD c:/st/stm32cubeide_1.9.0/stm32cubeide/plugins/com.st.stm32cube.ide.mcu.externaltools.gnu-tools-for-stm32.10.3-2021.10.win32_1.0.0.202111181127/tools/bin/../lib/gcc/arm-none-eabi/10.3.1/../../../../arm-none-eabi/lib/thumb/v7e-m+fp/hard\libc_nano.a
LOAD c:/st/stm32cubeide_1.9.0/stm32cubeide/plugins/com.st.stm32cube.ide.mcu.externaltools.gnu-tools-for-stm32.10.3-2021.10.win32_1.0.0.202111181127/tools/bin/../lib/gcc/arm-none-eabi/10.3.1/../../../../arm-none-eabi/lib/thumb/v7e-m+fp/hard\libm.a
END GROUP
START GROUP
LOAD c:/st/stm32cubeide_1.9.0/stm32cubeide/plugins/com.st.stm32cube.ide.mcu.externaltools.gnu-tools-for-stm32.10.3-2021.10.win32_1.0.0.202111181127/tools/bin/../lib/gcc/arm-none-eabi/10.3.1/thumb/v7e-m+fp/hard\libgcc.a
LOAD c:/st/stm32cubeide_1.9.0/stm32cubeide/plugins/com.st.stm32cube.ide.mcu.externaltools.gnu-tools-for-stm32.10.3-2021.10.win32_1.0.0.202111181127/tools/bin/../lib/gcc/arm-none-eabi/10.3.1/../../../../arm-none-eabi/lib/thumb/v7e-m+fp/hard\libc_nano.a
END GROUP
START GROUP
LOAD c:/st/stm32cubeide_1.9.0/stm32cubeide/plugins/com.st.stm32cube.ide.mcu.externaltools.gnu-tools-for-stm32.10.3-2021.10.win32_1.0.0.202111181127/tools/bin/../lib/gcc/arm-none-eabi/10.3.1/thumb/v7e-m+fp/hard\libgcc.a
LOAD c:/st/stm32cubeide_1.9.0/stm32cubeide/plugins/com.st.stm32cube.ide.mcu.externaltools.gnu-tools-for-stm32.10.3-2021.10.win32_1.0.0.202111181127/tools/bin/../lib/gcc/arm-none-eabi/10.3.1/../../../../arm-none-eabi/lib/thumb/v7e-m+fp/hard\libc_nano.a
LOAD c:/st/stm32cubeide_1.9.0/stm32cubeide/plugins/com.st.stm32cube.ide.mcu.externaltools.gnu-tools-for-stm32.10.3-2021.10.win32_1.0.0.202111181127/tools/bin/../lib/gcc/arm-none-eabi/10.3.1/../../../../arm-none-eabi/lib/thumb/v7e-m+fp/hard\libnosys.a
END GROUP
START GROUP
LOAD c:/st/stm32cubeide_1.9.0/stm32cubeide/plugins/com.st.stm32cube.ide.mcu.externaltools.gnu-tools-for-stm32.10.3-2021.10.win32_1.0.0.202111181127/tools/bin/../lib/gcc/arm-none-eabi/10.3.1/thumb/v7e-m+fp/hard\libgcc.a
LOAD c:/st/stm32cubeide_1.9.0/stm32cubeide/plugins/com.st.stm32cube.ide.mcu.externaltools.gnu-tools-for-stm32.10.3-2021.10.win32_1.0.0.202111181127/tools/bin/../lib/gcc/arm-none-eabi/10.3.1/../../../../arm-none-eabi/lib/thumb/v7e-m+fp/hard\libc_nano.a
LOAD c:/st/stm32cubeide_1.9.0/stm32cubeide/plugins/com.st.stm32cube.ide.mcu.externaltools.gnu-tools-for-stm32.10.3-2021.10.win32_1.0.0.202111181127/tools/bin/../lib/gcc/arm-none-eabi/10.3.1/../../../../arm-none-eabi/lib/thumb/v7e-m+fp/hard\libnosys.a
END GROUP
LOAD c:/st/stm32cubeide_1.9.0/stm32cubeide/plugins/com.st.stm32cube.ide.mcu.externaltools.gnu-tools-for-stm32.10.3-2021.10.win32_1.0.0.202111181127/tools/bin/../lib/gcc/arm-none-eabi/10.3.1/thumb/v7e-m+fp/hard/crtend.o
LOAD c:/st/stm32cubeide_1.9.0/stm32cubeide/plugins/com.st.stm32cube.ide.mcu.externaltools.gnu-tools-for-stm32.10.3-2021.10.win32_1.0.0.202111181127/tools/bin/../lib/gcc/arm-none-eabi/10.3.1/thumb/v7e-m+fp/hard/crtn.o
                0x0000000020020000                _estack = (ORIGIN (RAM) + LENGTH (RAM))
                0x0000000000000200                _Min_Heap_Size = 0x200
                0x0000000000000400                _Min_Stack_Size = 0x400

.isr_vector     0x0000000008000000      0x188
                0x0000000008000000                . = ALIGN (0x4)
 *(.isr_vector)
 .isr_vector    0x0000000008000000      0x188 ./Core/Startup/startup_stm32f407vgtx.o
                0x0000000008000000                g_pfnVectors
                0x0000000008000188                . = ALIGN (0x4)

.text           0x0000000008000188     0x7e58
                0x0000000008000188                . = ALIGN (0x4)
 *(.text)
 .text          0x0000000008000188       0x40 c:/st/stm32cubeide_1.9.0/stm32cubeide/plugins/com.st.stm32cube.ide.mcu.externaltools.gnu-tools-for-stm32.10.3-2021.10.win32_1.0.0.202111181127/tools/bin/../lib/gcc/arm-none-eabi/10.3.1/thumb/v7e-m+fp/hard/crtbegin.o
 .text          0x00000000080001c8       0x30 c:/st/stm32cubeide_1.9.0/stm32cubeide/plugins/com.st.stm32cube.ide.mcu.externaltools.gnu-tools-for-stm32.10.3-2021.10.win32_1.0.0.202111181127/tools/bin/../lib/gcc/arm-none-eabi/10.3.1/thumb/v7e-m+fp/hard\libgcc.a(_aeabi_uldivmod.o)
                0x00000000080001c8                __aeabi_uldivmod
 .text          0x00000000080001f8      0x2d0 c:/st/stm32cubeide_1.9.0/stm32cubeide/plugins/com.st.stm32cube.ide.mcu.externaltools.gnu-tools-for-stm32.10.3-2021.10.win32_1.0.0.202111181127/tools/bin/../lib/gcc/arm-none-eabi/10.3.1/thumb/v7e-m+fp/hard\libgcc.a(_udivmoddi4.o)
                0x00000000080001f8                __udivmoddi4
 .text          0x00000000080004c8        0x4 c:/st/stm32cubeide_1.9.0/stm32cubeide/plugins/com.st.stm32cube.ide.mcu.externaltools.gnu-tools-for-stm32.10.3-2021.10.win32_1.0.0.202111181127/tools/bin/../lib/gcc/arm-none-eabi/10.3.1/thumb/v7e-m+fp/hard\libgcc.a(_dvmd_tls.o)
                0x00000000080004c8                __aeabi_idiv0
                0x00000000080004c8                __aeabi_ldiv0
 *(.text*)
 .text.LIS302DL_Init
                0x00000000080004cc       0x2e ./Core/Inc/lis302dl.o
                0x00000000080004cc                LIS302DL_Init
 .text.LIS302DL_DeInit
                0x00000000080004fa        0xe ./Core/Inc/lis302dl.o
                0x00000000080004fa                LIS302DL_DeInit
 .text.LIS302DL_ReadID
                0x0000000008000508       0x24 ./Core/Inc/lis302dl.o
                0x0000000008000508                LIS302DL_ReadID
 .text.LIS302DL_FilterConfig
                0x000000000800052c       0x46 ./Core/Inc/lis302dl.o
                0x000000000800052c                LIS302DL_FilterConfig
 .text.LIS302DL_InterruptConfig
                0x0000000008000572       0x46 ./Core/Inc/lis302dl.o
                0x0000000008000572                LIS302DL_InterruptConfig
 .text.LIS302DL_Click_IntConfig
                0x00000000080005b8       0xaa ./Core/Inc/lis302dl.o
                0x00000000080005b8                LIS302DL_Click_IntConfig
 .text.LIS302DL_Click_IntClear
                0x0000000008000662       0x2c ./Core/Inc/lis302dl.o
                0x0000000008000662                LIS302DL_Click_IntClear
 .text.LIS302DL_RebootCmd
                0x000000000800068e       0x30 ./Core/Inc/lis302dl.o
                0x000000000800068e                LIS302DL_RebootCmd
 .text.LIS302DL_ReadACC
                0x00000000080006be       0xb4 ./Core/Inc/lis302dl.o
                0x00000000080006be                LIS302DL_ReadACC
 .text.LIS3DSH_Init
                0x0000000008000772       0x46 ./Core/Inc/lis3dsh.o
                0x0000000008000772                LIS3DSH_Init
 .text.LIS3DSH_DeInit
                0x00000000080007b8        0xe ./Core/Inc/lis3dsh.o
                0x00000000080007b8                LIS3DSH_DeInit
 .text.LIS3DSH_ReadID
                0x00000000080007c6       0x24 ./Core/Inc/lis3dsh.o
                0x00000000080007c6                LIS3DSH_ReadID
 .text.LIS3DSH_InterruptConfig
                0x00000000080007ea       0x70 ./Core/Inc/lis3dsh.o
                0x00000000080007ea                LIS3DSH_InterruptConfig
 .text.LIS3DSH_Click_IntConfig
                0x000000000800085a       0xde ./Core/Inc/lis3dsh.o
                0x000000000800085a                LIS3DSH_Click_IntConfig
 .text.LIS3DSH_RebootCmd
                0x0000000008000938       0x30 ./Core/Inc/lis3dsh.o
                0x0000000008000938                LIS3DSH_RebootCmd
 .text.LIS3DSH_ReadACC
                0x0000000008000968      0x1b4 ./Core/Inc/lis3dsh.o
                0x0000000008000968                LIS3DSH_ReadACC
 .text.main     0x0000000008000b1c       0x3a ./Core/Src/main.o
                0x0000000008000b1c                main
 *fill*         0x0000000008000b56        0x2 
 .text.SystemClock_Config
                0x0000000008000b58       0xd4 ./Core/Src/main.o
                0x0000000008000b58                SystemClock_Config
 .text.MX_I2C1_Init
                0x0000000008000c2c       0x5c ./Core/Src/main.o
 .text.MX_I2S3_Init
                0x0000000008000c88       0x60 ./Core/Src/main.o
 .text.MX_GPIO_Init
                0x0000000008000ce8      0x1fc ./Core/Src/main.o
 .text.Error_Handler
                0x0000000008000ee4        0xa ./Core/Src/main.o
                0x0000000008000ee4                Error_Handler
 .text.ACCELERO_MEMS_Test
                0x0000000008000eee       0x1a ./Core/Src/mems.o
                0x0000000008000eee                ACCELERO_MEMS_Test
 .text.ACCELERO_ReadAcc
                0x0000000008000f08       0xe4 ./Core/Src/mems.o
 .text.BSP_LED_Init
                0x0000000008000fec       0xf0 ./Core/Src/stm32f4_discovery.o
                0x0000000008000fec                BSP_LED_Init
 .text.BSP_LED_On
                0x00000000080010dc       0x34 ./Core/Src/stm32f4_discovery.o
                0x00000000080010dc                BSP_LED_On
 .text.BSP_LED_Off
                0x0000000008001110       0x34 ./Core/Src/stm32f4_discovery.o
                0x0000000008001110                BSP_LED_Off
 .text.SPIx_Init
                0x0000000008001144       0x74 ./Core/Src/stm32f4_discovery.o
 .text.SPIx_WriteRead
                0x00000000080011b8       0x40 ./Core/Src/stm32f4_discovery.o
 .text.SPIx_Error
                0x00000000080011f8       0x18 ./Core/Src/stm32f4_discovery.o
 .text.SPIx_MspInit
                0x0000000008001210       0x70 ./Core/Src/stm32f4_discovery.o
 .text.ACCELERO_IO_Init
                0x0000000008001280       0x5c ./Core/Src/stm32f4_discovery.o
                0x0000000008001280                ACCELERO_IO_Init
 .text.ACCELERO_IO_ITConfig
                0x00000000080012dc       0x60 ./Core/Src/stm32f4_discovery.o
                0x00000000080012dc                ACCELERO_IO_ITConfig
 .text.ACCELERO_IO_Write
                0x000000000800133c       0x64 ./Core/Src/stm32f4_discovery.o
                0x000000000800133c                ACCELERO_IO_Write
 .text.ACCELERO_IO_Read
                0x00000000080013a0       0x74 ./Core/Src/stm32f4_discovery.o
                0x00000000080013a0                ACCELERO_IO_Read
 .text.BSP_ACCELERO_Init
                0x0000000008001414      0x118 ./Core/Src/stm32f4_discovery_accelerometer.o
                0x0000000008001414                BSP_ACCELERO_Init
 .text.BSP_ACCELERO_GetXYZ
                0x000000000800152c       0x58 ./Core/Src/stm32f4_discovery_accelerometer.o
                0x000000000800152c                BSP_ACCELERO_GetXYZ
 .text.HAL_MspInit
                0x0000000008001584       0x50 ./Core/Src/stm32f4xx_hal_msp.o
                0x0000000008001584                HAL_MspInit
 .text.HAL_I2C_MspInit
                0x00000000080015d4       0x90 ./Core/Src/stm32f4xx_hal_msp.o
                0x00000000080015d4                HAL_I2C_MspInit
 .text.HAL_I2S_MspInit
                0x0000000008001664      0x100 ./Core/Src/stm32f4xx_hal_msp.o
                0x0000000008001664                HAL_I2S_MspInit
 .text.HAL_SPI_MspInit
                0x0000000008001764       0x90 ./Core/Src/stm32f4xx_hal_msp.o
                0x0000000008001764                HAL_SPI_MspInit
 .text.HAL_SPI_MspDeInit
                0x00000000080017f4       0x3c ./Core/Src/stm32f4xx_hal_msp.o
                0x00000000080017f4                HAL_SPI_MspDeInit
 .text.NMI_Handler
                0x0000000008001830        0x6 ./Core/Src/stm32f4xx_it.o
                0x0000000008001830                NMI_Handler
 .text.HardFault_Handler
                0x0000000008001836        0x6 ./Core/Src/stm32f4xx_it.o
                0x0000000008001836                HardFault_Handler
 .text.MemManage_Handler
                0x000000000800183c        0x6 ./Core/Src/stm32f4xx_it.o
                0x000000000800183c                MemManage_Handler
 .text.BusFault_Handler
                0x0000000008001842        0x6 ./Core/Src/stm32f4xx_it.o
                0x0000000008001842                BusFault_Handler
 .text.UsageFault_Handler
                0x0000000008001848        0x6 ./Core/Src/stm32f4xx_it.o
                0x0000000008001848                UsageFault_Handler
 .text.SVC_Handler
                0x000000000800184e        0xe ./Core/Src/stm32f4xx_it.o
                0x000000000800184e                SVC_Handler
 .text.DebugMon_Handler
                0x000000000800185c        0xe ./Core/Src/stm32f4xx_it.o
                0x000000000800185c                DebugMon_Handler
 .text.PendSV_Handler
                0x000000000800186a        0xe ./Core/Src/stm32f4xx_it.o
                0x000000000800186a                PendSV_Handler
 .text.SysTick_Handler
                0x0000000008001878        0xc ./Core/Src/stm32f4xx_it.o
                0x0000000008001878                SysTick_Handler
 .text.OTG_FS_IRQHandler
                0x0000000008001884       0x14 ./Core/Src/stm32f4xx_it.o
                0x0000000008001884                OTG_FS_IRQHandler
 .text._sbrk    0x0000000008001898       0x6c ./Core/Src/sysmem.o
                0x0000000008001898                _sbrk
 .text.SystemInit
                0x0000000008001904       0x24 ./Core/Src/system_stm32f4xx.o
                0x0000000008001904                SystemInit
 .text.Reset_Handler
                0x0000000008001928       0x50 ./Core/Startup/startup_stm32f407vgtx.o
                0x0000000008001928                Reset_Handler
 .text.Default_Handler
                0x0000000008001978        0x2 ./Core/Startup/startup_stm32f407vgtx.o
                0x0000000008001978                RTC_Alarm_IRQHandler
                0x0000000008001978                HASH_RNG_IRQHandler
                0x0000000008001978                EXTI2_IRQHandler
                0x0000000008001978                TIM8_CC_IRQHandler
                0x0000000008001978                TIM1_CC_IRQHandler
                0x0000000008001978                DMA2_Stream5_IRQHandler
                0x0000000008001978                DMA1_Stream5_IRQHandler
                0x0000000008001978                PVD_IRQHandler
                0x0000000008001978                SDIO_IRQHandler
                0x0000000008001978                TAMP_STAMP_IRQHandler
                0x0000000008001978                CAN2_RX1_IRQHandler
                0x0000000008001978                EXTI3_IRQHandler
                0x0000000008001978                TIM8_TRG_COM_TIM14_IRQHandler
                0x0000000008001978                TIM1_UP_TIM10_IRQHandler
                0x0000000008001978                TIM8_UP_TIM13_IRQHandler
                0x0000000008001978                I2C3_ER_IRQHandler
                0x0000000008001978                EXTI0_IRQHandler
                0x0000000008001978                I2C2_EV_IRQHandler
                0x0000000008001978                DMA1_Stream2_IRQHandler
                0x0000000008001978                CAN1_RX0_IRQHandler
                0x0000000008001978                FPU_IRQHandler
                0x0000000008001978                OTG_HS_WKUP_IRQHandler
                0x0000000008001978                CAN2_SCE_IRQHandler
                0x0000000008001978                DMA2_Stream2_IRQHandler
                0x0000000008001978                SPI1_IRQHandler
                0x0000000008001978                TIM6_DAC_IRQHandler
                0x0000000008001978                TIM1_BRK_TIM9_IRQHandler
                0x0000000008001978                DCMI_IRQHandler
                0x0000000008001978                CAN2_RX0_IRQHandler
                0x0000000008001978                DMA2_Stream3_IRQHandler
                0x0000000008001978                USART6_IRQHandler
                0x0000000008001978                USART3_IRQHandler
                0x0000000008001978                CAN1_RX1_IRQHandler
                0x0000000008001978                UART5_IRQHandler
                0x0000000008001978                DMA2_Stream0_IRQHandler
                0x0000000008001978                TIM4_IRQHandler
                0x0000000008001978                I2C1_EV_IRQHandler
                0x0000000008001978                DMA1_Stream6_IRQHandler
                0x0000000008001978                DMA1_Stream1_IRQHandler
                0x0000000008001978                UART4_IRQHandler
                0x0000000008001978                TIM3_IRQHandler
                0x0000000008001978                RCC_IRQHandler
                0x0000000008001978                TIM8_BRK_TIM12_IRQHandler
                0x0000000008001978                Default_Handler
                0x0000000008001978                EXTI15_10_IRQHandler
                0x0000000008001978                ADC_IRQHandler
                0x0000000008001978                DMA1_Stream7_IRQHandler
                0x0000000008001978                TIM7_IRQHandler
                0x0000000008001978                CAN2_TX_IRQHandler
                0x0000000008001978                TIM5_IRQHandler
                0x0000000008001978                DMA2_Stream7_IRQHandler
                0x0000000008001978                I2C3_EV_IRQHandler
                0x0000000008001978                EXTI9_5_IRQHandler
                0x0000000008001978                RTC_WKUP_IRQHandler
                0x0000000008001978                ETH_WKUP_IRQHandler
                0x0000000008001978                SPI2_IRQHandler
                0x0000000008001978                OTG_HS_EP1_IN_IRQHandler
                0x0000000008001978                DMA1_Stream0_IRQHandler
                0x0000000008001978                CAN1_TX_IRQHandler
                0x0000000008001978                EXTI4_IRQHandler
                0x0000000008001978                FSMC_IRQHandler
                0x0000000008001978                ETH_IRQHandler
                0x0000000008001978                OTG_HS_EP1_OUT_IRQHandler
                0x0000000008001978                WWDG_IRQHandler
                0x0000000008001978                TIM2_IRQHandler
                0x0000000008001978                OTG_FS_WKUP_IRQHandler
                0x0000000008001978                TIM1_TRG_COM_TIM11_IRQHandler
                0x0000000008001978                OTG_HS_IRQHandler
                0x0000000008001978                EXTI1_IRQHandler
                0x0000000008001978                USART2_IRQHandler
                0x0000000008001978                I2C2_ER_IRQHandler
                0x0000000008001978                DMA2_Stream1_IRQHandler
                0x0000000008001978                CAN1_SCE_IRQHandler
                0x0000000008001978                FLASH_IRQHandler
                0x0000000008001978                DMA2_Stream4_IRQHandler
                0x0000000008001978                USART1_IRQHandler
                0x0000000008001978                SPI3_IRQHandler
                0x0000000008001978                DMA1_Stream4_IRQHandler
                0x0000000008001978                I2C1_ER_IRQHandler
                0x0000000008001978                DMA2_Stream6_IRQHandler
                0x0000000008001978                DMA1_Stream3_IRQHandler
 *fill*         0x000000000800197a        0x2 
 .text.HAL_Init
                0x000000000800197c       0x44 ./Drivers/STM32F4xx_HAL_Driver/Src/stm32f4xx_hal.o
                0x000000000800197c                HAL_Init
 .text.HAL_InitTick
                0x00000000080019c0       0x60 ./Drivers/STM32F4xx_HAL_Driver/Src/stm32f4xx_hal.o
                0x00000000080019c0                HAL_InitTick
 .text.HAL_IncTick
                0x0000000008001a20       0x28 ./Drivers/STM32F4xx_HAL_Driver/Src/stm32f4xx_hal.o
                0x0000000008001a20                HAL_IncTick
 .text.HAL_GetTick
                0x0000000008001a48       0x18 ./Drivers/STM32F4xx_HAL_Driver/Src/stm32f4xx_hal.o
                0x0000000008001a48                HAL_GetTick
 .text.HAL_Delay
                0x0000000008001a60       0x48 ./Drivers/STM32F4xx_HAL_Driver/Src/stm32f4xx_hal.o
                0x0000000008001a60                HAL_Delay
 .text.__NVIC_SetPriorityGrouping
                0x0000000008001aa8       0x48 ./Drivers/STM32F4xx_HAL_Driver/Src/stm32f4xx_hal_cortex.o
 .text.__NVIC_GetPriorityGrouping
                0x0000000008001af0       0x1c ./Drivers/STM32F4xx_HAL_Driver/Src/stm32f4xx_hal_cortex.o
 .text.__NVIC_EnableIRQ
                0x0000000008001b0c       0x3c ./Drivers/STM32F4xx_HAL_Driver/Src/stm32f4xx_hal_cortex.o
 .text.__NVIC_SetPriority
                0x0000000008001b48       0x54 ./Drivers/STM32F4xx_HAL_Driver/Src/stm32f4xx_hal_cortex.o
 .text.NVIC_EncodePriority
                0x0000000008001b9c       0x66 ./Drivers/STM32F4xx_HAL_Driver/Src/stm32f4xx_hal_cortex.o
 *fill*         0x0000000008001c02        0x2 
 .text.SysTick_Config
                0x0000000008001c04       0x44 ./Drivers/STM32F4xx_HAL_Driver/Src/stm32f4xx_hal_cortex.o
 .text.HAL_NVIC_SetPriorityGrouping
                0x0000000008001c48       0x16 ./Drivers/STM32F4xx_HAL_Driver/Src/stm32f4xx_hal_cortex.o
                0x0000000008001c48                HAL_NVIC_SetPriorityGrouping
 .text.HAL_NVIC_SetPriority
                0x0000000008001c5e       0x38 ./Drivers/STM32F4xx_HAL_Driver/Src/stm32f4xx_hal_cortex.o
                0x0000000008001c5e                HAL_NVIC_SetPriority
 .text.HAL_NVIC_EnableIRQ
                0x0000000008001c96       0x1c ./Drivers/STM32F4xx_HAL_Driver/Src/stm32f4xx_hal_cortex.o
                0x0000000008001c96                HAL_NVIC_EnableIRQ
 .text.HAL_SYSTICK_Config
                0x0000000008001cb2       0x18 ./Drivers/STM32F4xx_HAL_Driver/Src/stm32f4xx_hal_cortex.o
                0x0000000008001cb2                HAL_SYSTICK_Config
 *fill*         0x0000000008001cca        0x2 
 .text.HAL_GPIO_Init
                0x0000000008001ccc      0x338 ./Drivers/STM32F4xx_HAL_Driver/Src/stm32f4xx_hal_gpio.o
                0x0000000008001ccc                HAL_GPIO_Init
 .text.HAL_GPIO_DeInit
                0x0000000008002004      0x1f8 ./Drivers/STM32F4xx_HAL_Driver/Src/stm32f4xx_hal_gpio.o
                0x0000000008002004                HAL_GPIO_DeInit
 .text.HAL_GPIO_WritePin
                0x00000000080021fc       0x32 ./Drivers/STM32F4xx_HAL_Driver/Src/stm32f4xx_hal_gpio.o
                0x00000000080021fc                HAL_GPIO_WritePin
 .text.HAL_HCD_Init
                0x000000000800222e       0xc4 ./Drivers/STM32F4xx_HAL_Driver/Src/stm32f4xx_hal_hcd.o
                0x000000000800222e                HAL_HCD_Init
 .text.HAL_HCD_HC_Init
                0x00000000080022f2      0x11e ./Drivers/STM32F4xx_HAL_Driver/Src/stm32f4xx_hal_hcd.o
                0x00000000080022f2                HAL_HCD_HC_Init
 .text.HAL_HCD_HC_Halt
                0x0000000008002410       0x46 ./Drivers/STM32F4xx_HAL_Driver/Src/stm32f4xx_hal_hcd.o
                0x0000000008002410                HAL_HCD_HC_Halt
 *fill*         0x0000000008002456        0x2 
 .text.HAL_HCD_HC_SubmitRequest
                0x0000000008002458      0x2ac ./Drivers/STM32F4xx_HAL_Driver/Src/stm32f4xx_hal_hcd.o
                0x0000000008002458                HAL_HCD_HC_SubmitRequest
 .text.HAL_HCD_IRQHandler
                0x0000000008002704      0x216 ./Drivers/STM32F4xx_HAL_Driver/Src/stm32f4xx_hal_hcd.o
                0x0000000008002704                HAL_HCD_IRQHandler
 .text.HAL_HCD_Start
                0x000000000800291a       0x46 ./Drivers/STM32F4xx_HAL_Driver/Src/stm32f4xx_hal_hcd.o
                0x000000000800291a                HAL_HCD_Start
 .text.HAL_HCD_Stop
                0x0000000008002960       0x3a ./Drivers/STM32F4xx_HAL_Driver/Src/stm32f4xx_hal_hcd.o
                0x0000000008002960                HAL_HCD_Stop
 .text.HAL_HCD_HC_GetURBState
                0x000000000800299a       0x28 ./Drivers/STM32F4xx_HAL_Driver/Src/stm32f4xx_hal_hcd.o
                0x000000000800299a                HAL_HCD_HC_GetURBState
 .text.HAL_HCD_HC_GetXferCount
                0x00000000080029c2       0x28 ./Drivers/STM32F4xx_HAL_Driver/Src/stm32f4xx_hal_hcd.o
                0x00000000080029c2                HAL_HCD_HC_GetXferCount
 .text.HAL_HCD_GetCurrentFrame
                0x00000000080029ea       0x1c ./Drivers/STM32F4xx_HAL_Driver/Src/stm32f4xx_hal_hcd.o
                0x00000000080029ea                HAL_HCD_GetCurrentFrame
 .text.HCD_HC_IN_IRQHandler
                0x0000000008002a06      0x6aa ./Drivers/STM32F4xx_HAL_Driver/Src/stm32f4xx_hal_hcd.o
 .text.HCD_HC_OUT_IRQHandler
                0x00000000080030b0      0x6d2 ./Drivers/STM32F4xx_HAL_Driver/Src/stm32f4xx_hal_hcd.o
 .text.HCD_RXQLVL_IRQHandler
                0x0000000008003782      0x1a4 ./Drivers/STM32F4xx_HAL_Driver/Src/stm32f4xx_hal_hcd.o
 .text.HCD_Port_IRQHandler
                0x0000000008003926       0xe6 ./Drivers/STM32F4xx_HAL_Driver/Src/stm32f4xx_hal_hcd.o
 .text.HAL_I2C_Init
                0x0000000008003a0c      0x288 ./Drivers/STM32F4xx_HAL_Driver/Src/stm32f4xx_hal_i2c.o
                0x0000000008003a0c                HAL_I2C_Init
 .text.HAL_I2S_Init
                0x0000000008003c94      0x280 ./Drivers/STM32F4xx_HAL_Driver/Src/stm32f4xx_hal_i2s.o
                0x0000000008003c94                HAL_I2S_Init
 .text.HAL_I2S_TxCpltCallback
                0x0000000008003f14       0x14 ./Drivers/STM32F4xx_HAL_Driver/Src/stm32f4xx_hal_i2s.o
                0x0000000008003f14                HAL_I2S_TxCpltCallback
 .text.HAL_I2S_RxCpltCallback
                0x0000000008003f28       0x14 ./Drivers/STM32F4xx_HAL_Driver/Src/stm32f4xx_hal_i2s.o
                0x0000000008003f28                HAL_I2S_RxCpltCallback
 .text.HAL_I2S_ErrorCallback
                0x0000000008003f3c       0x14 ./Drivers/STM32F4xx_HAL_Driver/Src/stm32f4xx_hal_i2s.o
                0x0000000008003f3c                HAL_I2S_ErrorCallback
 .text.I2S_Transmit_IT
                0x0000000008003f50       0x5c ./Drivers/STM32F4xx_HAL_Driver/Src/stm32f4xx_hal_i2s.o
 .text.I2S_Receive_IT
                0x0000000008003fac       0x5e ./Drivers/STM32F4xx_HAL_Driver/Src/stm32f4xx_hal_i2s.o
 .text.I2S_IRQHandler
                0x000000000800400a      0x114 ./Drivers/STM32F4xx_HAL_Driver/Src/stm32f4xx_hal_i2s.o
 *fill*         0x000000000800411e        0x2 
 .text.HAL_I2SEx_FullDuplex_IRQHandler
                0x0000000008004120      0x2a8 ./Drivers/STM32F4xx_HAL_Driver/Src/stm32f4xx_hal_i2s_ex.o
                0x0000000008004120                HAL_I2SEx_FullDuplex_IRQHandler
 .text.HAL_I2SEx_TxRxCpltCallback
                0x00000000080043c8       0x14 ./Drivers/STM32F4xx_HAL_Driver/Src/stm32f4xx_hal_i2s_ex.o
                0x00000000080043c8                HAL_I2SEx_TxRxCpltCallback
 .text.I2SEx_TxISR_I2S
                0x00000000080043dc       0x62 ./Drivers/STM32F4xx_HAL_Driver/Src/stm32f4xx_hal_i2s_ex.o
 *fill*         0x000000000800443e        0x2 
 .text.I2SEx_TxISR_I2SExt
                0x0000000008004440       0x98 ./Drivers/STM32F4xx_HAL_Driver/Src/stm32f4xx_hal_i2s_ex.o
 .text.I2SEx_RxISR_I2S
                0x00000000080044d8       0x64 ./Drivers/STM32F4xx_HAL_Driver/Src/stm32f4xx_hal_i2s_ex.o
 .text.I2SEx_RxISR_I2SExt
                0x000000000800453c       0x98 ./Drivers/STM32F4xx_HAL_Driver/Src/stm32f4xx_hal_i2s_ex.o
 .text.HAL_RCC_OscConfig
                0x00000000080045d4      0x4f0 ./Drivers/STM32F4xx_HAL_Driver/Src/stm32f4xx_hal_rcc.o
                0x00000000080045d4                HAL_RCC_OscConfig
 .text.HAL_RCC_ClockConfig
                0x0000000008004ac4      0x1cc ./Drivers/STM32F4xx_HAL_Driver/Src/stm32f4xx_hal_rcc.o
                0x0000000008004ac4                HAL_RCC_ClockConfig
 .text.HAL_RCC_GetSysClockFreq
                0x0000000008004c90      0x20c ./Drivers/STM32F4xx_HAL_Driver/Src/stm32f4xx_hal_rcc.o
                0x0000000008004c90                HAL_RCC_GetSysClockFreq
 .text.HAL_RCC_GetHCLKFreq
                0x0000000008004e9c       0x18 ./Drivers/STM32F4xx_HAL_Driver/Src/stm32f4xx_hal_rcc.o
                0x0000000008004e9c                HAL_RCC_GetHCLKFreq
 .text.HAL_RCC_GetPCLK1Freq
                0x0000000008004eb4       0x28 ./Drivers/STM32F4xx_HAL_Driver/Src/stm32f4xx_hal_rcc.o
                0x0000000008004eb4                HAL_RCC_GetPCLK1Freq
 .text.HAL_RCCEx_PeriphCLKConfig
                0x0000000008004edc      0x1c4 ./Drivers/STM32F4xx_HAL_Driver/Src/stm32f4xx_hal_rcc_ex.o
                0x0000000008004edc                HAL_RCCEx_PeriphCLKConfig
 .text.HAL_RCCEx_GetPeriphCLKFreq
                0x00000000080050a0       0xbc ./Drivers/STM32F4xx_HAL_Driver/Src/stm32f4xx_hal_rcc_ex.o
                0x00000000080050a0                HAL_RCCEx_GetPeriphCLKFreq
 .text.HAL_SPI_Init
                0x000000000800515c      0x112 ./Drivers/STM32F4xx_HAL_Driver/Src/stm32f4xx_hal_spi.o
                0x000000000800515c                HAL_SPI_Init
 .text.HAL_SPI_DeInit
                0x000000000800526e       0x50 ./Drivers/STM32F4xx_HAL_Driver/Src/stm32f4xx_hal_spi.o
                0x000000000800526e                HAL_SPI_DeInit
 .text.HAL_SPI_TransmitReceive
                0x00000000080052be      0x344 ./Drivers/STM32F4xx_HAL_Driver/Src/stm32f4xx_hal_spi.o
                0x00000000080052be                HAL_SPI_TransmitReceive
 .text.HAL_SPI_GetState
                0x0000000008005602       0x1c ./Drivers/STM32F4xx_HAL_Driver/Src/stm32f4xx_hal_spi.o
                0x0000000008005602                HAL_SPI_GetState
 *fill*         0x000000000800561e        0x2 
 .text.SPI_WaitFlagStateUntilTimeout
                0x0000000008005620      0x110 ./Drivers/STM32F4xx_HAL_Driver/Src/stm32f4xx_hal_spi.o
 .text.SPI_EndRxTxTransaction
                0x0000000008005730       0x84 ./Drivers/STM32F4xx_HAL_Driver/Src/stm32f4xx_hal_spi.o
 .text.USB_CoreInit
                0x00000000080057b4       0xc2 ./Drivers/STM32F4xx_HAL_Driver/Src/stm32f4xx_ll_usb.o
                0x00000000080057b4                USB_CoreInit
 .text.USB_EnableGlobalInt
                0x0000000008005876       0x22 ./Drivers/STM32F4xx_HAL_Driver/Src/stm32f4xx_ll_usb.o
                0x0000000008005876                USB_EnableGlobalInt
 .text.USB_DisableGlobalInt
                0x0000000008005898       0x22 ./Drivers/STM32F4xx_HAL_Driver/Src/stm32f4xx_ll_usb.o
                0x0000000008005898                USB_DisableGlobalInt
 .text.USB_SetCurrentMode
                0x00000000080058ba       0x98 ./Drivers/STM32F4xx_HAL_Driver/Src/stm32f4xx_ll_usb.o
                0x00000000080058ba                USB_SetCurrentMode
 *fill*         0x0000000008005952        0x2 
 .text.USB_FlushTxFifo
                0x0000000008005954       0x68 ./Drivers/STM32F4xx_HAL_Driver/Src/stm32f4xx_ll_usb.o
                0x0000000008005954                USB_FlushTxFifo
 .text.USB_FlushRxFifo
                0x00000000080059bc       0x60 ./Drivers/STM32F4xx_HAL_Driver/Src/stm32f4xx_ll_usb.o
                0x00000000080059bc                USB_FlushRxFifo
 .text.USB_WritePacket
                0x0000000008005a1c       0x7c ./Drivers/STM32F4xx_HAL_Driver/Src/stm32f4xx_ll_usb.o
                0x0000000008005a1c                USB_WritePacket
 .text.USB_ReadPacket
                0x0000000008005a98       0xb0 ./Drivers/STM32F4xx_HAL_Driver/Src/stm32f4xx_ll_usb.o
                0x0000000008005a98                USB_ReadPacket
 .text.USB_ReadInterrupts
                0x0000000008005b48       0x26 ./Drivers/STM32F4xx_HAL_Driver/Src/stm32f4xx_ll_usb.o
                0x0000000008005b48                USB_ReadInterrupts
 .text.USB_GetMode
                0x0000000008005b6e       0x1c ./Drivers/STM32F4xx_HAL_Driver/Src/stm32f4xx_ll_usb.o
                0x0000000008005b6e                USB_GetMode
 *fill*         0x0000000008005b8a        0x2 
 .text.USB_CoreReset
                0x0000000008005b8c       0x68 ./Drivers/STM32F4xx_HAL_Driver/Src/stm32f4xx_ll_usb.o
 .text.USB_HostInit
                0x0000000008005bf4      0x180 ./Drivers/STM32F4xx_HAL_Driver/Src/stm32f4xx_ll_usb.o
                0x0000000008005bf4                USB_HostInit
 .text.USB_InitFSLSPClkSel
                0x0000000008005d74       0x74 ./Drivers/STM32F4xx_HAL_Driver/Src/stm32f4xx_ll_usb.o
                0x0000000008005d74                USB_InitFSLSPClkSel
 .text.USB_DriveVbus
                0x0000000008005de8       0x72 ./Drivers/STM32F4xx_HAL_Driver/Src/stm32f4xx_ll_usb.o
                0x0000000008005de8                USB_DriveVbus
 .text.USB_GetHostSpeed
                0x0000000008005e5a       0x2e ./Drivers/STM32F4xx_HAL_Driver/Src/stm32f4xx_ll_usb.o
                0x0000000008005e5a                USB_GetHostSpeed
 .text.USB_GetCurrentFrame
                0x0000000008005e88       0x22 ./Drivers/STM32F4xx_HAL_Driver/Src/stm32f4xx_ll_usb.o
                0x0000000008005e88                USB_GetCurrentFrame
 *fill*         0x0000000008005eaa        0x2 
 .text.USB_HC_Init
                0x0000000008005eac      0x244 ./Drivers/STM32F4xx_HAL_Driver/Src/stm32f4xx_ll_usb.o
                0x0000000008005eac                USB_HC_Init
 .text.USB_HC_StartXfer
                0x00000000080060f0      0x284 ./Drivers/STM32F4xx_HAL_Driver/Src/stm32f4xx_ll_usb.o
                0x00000000080060f0                USB_HC_StartXfer
 .text.USB_HC_ReadInterrupt
                0x0000000008006374       0x22 ./Drivers/STM32F4xx_HAL_Driver/Src/stm32f4xx_ll_usb.o
                0x0000000008006374                USB_HC_ReadInterrupt
 .text.USB_HC_Halt
                0x0000000008006396      0x1f8 ./Drivers/STM32F4xx_HAL_Driver/Src/stm32f4xx_ll_usb.o
                0x0000000008006396                USB_HC_Halt
 *fill*         0x000000000800658e        0x2 
 .text.USB_DoPing
                0x0000000008006590       0x78 ./Drivers/STM32F4xx_HAL_Driver/Src/stm32f4xx_ll_usb.o
                0x0000000008006590                USB_DoPing
 .text.USB_StopHost
                0x0000000008006608      0x124 ./Drivers/STM32F4xx_HAL_Driver/Src/stm32f4xx_ll_usb.o
                0x0000000008006608                USB_StopHost
 .text.USBH_CDC_InterfaceInit
                0x000000000800672c      0x2ac ./Middlewares/ST/STM32_USB_Host_Library/Class/CDC/Src/usbh_cdc.o
 .text.USBH_CDC_InterfaceDeInit
                0x00000000080069d8       0xb2 ./Middlewares/ST/STM32_USB_Host_Library/Class/CDC/Src/usbh_cdc.o
 .text.USBH_CDC_ClassRequest
                0x0000000008006a8a       0x3e ./Middlewares/ST/STM32_USB_Host_Library/Class/CDC/Src/usbh_cdc.o
 .text.USBH_CDC_Process
                0x0000000008006ac8      0x12c ./Middlewares/ST/STM32_USB_Host_Library/Class/CDC/Src/usbh_cdc.o
 .text.USBH_CDC_SOFProcess
                0x0000000008006bf4       0x16 ./Middlewares/ST/STM32_USB_Host_Library/Class/CDC/Src/usbh_cdc.o
 .text.GetLineCoding
                0x0000000008006c0a       0x3e ./Middlewares/ST/STM32_USB_Host_Library/Class/CDC/Src/usbh_cdc.o
 .text.SetLineCoding
                0x0000000008006c48       0x3e ./Middlewares/ST/STM32_USB_Host_Library/Class/CDC/Src/usbh_cdc.o
 .text.CDC_ProcessTransmission
                0x0000000008006c86       0xec ./Middlewares/ST/STM32_USB_Host_Library/Class/CDC/Src/usbh_cdc.o
 .text.CDC_ProcessReception
                0x0000000008006d72       0xb6 ./Middlewares/ST/STM32_USB_Host_Library/Class/CDC/Src/usbh_cdc.o
 .text.USBH_CDC_TransmitCallback
                0x0000000008006e28       0x14 ./Middlewares/ST/STM32_USB_Host_Library/Class/CDC/Src/usbh_cdc.o
                0x0000000008006e28                USBH_CDC_TransmitCallback
 .text.USBH_CDC_ReceiveCallback
                0x0000000008006e3c       0x14 ./Middlewares/ST/STM32_USB_Host_Library/Class/CDC/Src/usbh_cdc.o
                0x0000000008006e3c                USBH_CDC_ReceiveCallback
 .text.USBH_CDC_LineCodingChanged
                0x0000000008006e50       0x14 ./Middlewares/ST/STM32_USB_Host_Library/Class/CDC/Src/usbh_cdc.o
                0x0000000008006e50                USBH_CDC_LineCodingChanged
 .text.USBH_Init
                0x0000000008006e64       0x74 ./Middlewares/ST/STM32_USB_Host_Library/Core/Src/usbh_core.o
                0x0000000008006e64                USBH_Init
 .text.DeInitStateMachine
                0x0000000008006ed8       0xa8 ./Middlewares/ST/STM32_USB_Host_Library/Core/Src/usbh_core.o
 .text.USBH_RegisterClass
                0x0000000008006f80       0x54 ./Middlewares/ST/STM32_USB_Host_Library/Core/Src/usbh_core.o
                0x0000000008006f80                USBH_RegisterClass
 .text.USBH_SelectInterface
                0x0000000008006fd4       0x38 ./Middlewares/ST/STM32_USB_Host_Library/Core/Src/usbh_core.o
                0x0000000008006fd4                USBH_SelectInterface
 .text.USBH_FindInterface
                0x000000000800700c       0x8c ./Middlewares/ST/STM32_USB_Host_Library/Core/Src/usbh_core.o
                0x000000000800700c                USBH_FindInterface
 .text.USBH_Start
                0x0000000008007098       0x20 ./Middlewares/ST/STM32_USB_Host_Library/Core/Src/usbh_core.o
                0x0000000008007098                USBH_Start
 .text.USBH_LL_SetTimer
                0x00000000080070b8       0x1e ./Middlewares/ST/STM32_USB_Host_Library/Core/Src/usbh_core.o
                0x00000000080070b8                USBH_LL_SetTimer
 .text.USBH_LL_IncTimer
                0x00000000080070d6       0x24 ./Middlewares/ST/STM32_USB_Host_Library/Core/Src/usbh_core.o
                0x00000000080070d6                USBH_LL_IncTimer
 .text.USBH_HandleSof
                0x00000000080070fa       0x30 ./Middlewares/ST/STM32_USB_Host_Library/Core/Src/usbh_core.o
 .text.USBH_LL_PortEnabled
                0x000000000800712a       0x1c ./Middlewares/ST/STM32_USB_Host_Library/Core/Src/usbh_core.o
                0x000000000800712a                USBH_LL_PortEnabled
 .text.USBH_LL_PortDisabled
                0x0000000008007146       0x1c ./Middlewares/ST/STM32_USB_Host_Library/Core/Src/usbh_core.o
                0x0000000008007146                USBH_LL_PortDisabled
 .text.USBH_LL_Connect
                0x0000000008007162       0x2e ./Middlewares/ST/STM32_USB_Host_Library/Core/Src/usbh_core.o
                0x0000000008007162                USBH_LL_Connect
 .text.USBH_LL_Disconnect
                0x0000000008007190       0x48 ./Middlewares/ST/STM32_USB_Host_Library/Core/Src/usbh_core.o
                0x0000000008007190                USBH_LL_Disconnect
 .text.USBH_ClrFeature
                0x00000000080071d8       0x48 ./Middlewares/ST/STM32_USB_Host_Library/Core/Src/usbh_ctlreq.o
                0x00000000080071d8                USBH_ClrFeature
 .text.USBH_CtlReq
                0x0000000008007220       0x7a ./Middlewares/ST/STM32_USB_Host_Library/Core/Src/usbh_ctlreq.o
                0x0000000008007220                USBH_CtlReq
 *fill*         0x000000000800729a        0x2 
 .text.USBH_HandleControl
                0x000000000800729c      0x2e8 ./Middlewares/ST/STM32_USB_Host_Library/Core/Src/usbh_ctlreq.o
 .text.USBH_CtlSendSetup
                0x0000000008007584       0x34 ./Middlewares/ST/STM32_USB_Host_Library/Core/Src/usbh_ioreq.o
                0x0000000008007584                USBH_CtlSendSetup
 .text.USBH_CtlSendData
                0x00000000080075b8       0x4a ./Middlewares/ST/STM32_USB_Host_Library/Core/Src/usbh_ioreq.o
                0x00000000080075b8                USBH_CtlSendData
 .text.USBH_CtlReceiveData
                0x0000000008007602       0x3c ./Middlewares/ST/STM32_USB_Host_Library/Core/Src/usbh_ioreq.o
                0x0000000008007602                USBH_CtlReceiveData
 .text.USBH_BulkSendData
                0x000000000800763e       0x4a ./Middlewares/ST/STM32_USB_Host_Library/Core/Src/usbh_ioreq.o
                0x000000000800763e                USBH_BulkSendData
 .text.USBH_BulkReceiveData
                0x0000000008007688       0x3c ./Middlewares/ST/STM32_USB_Host_Library/Core/Src/usbh_ioreq.o
                0x0000000008007688                USBH_BulkReceiveData
 .text.USBH_OpenPipe
                0x00000000080076c4       0x3e ./Middlewares/ST/STM32_USB_Host_Library/Core/Src/usbh_pipes.o
                0x00000000080076c4                USBH_OpenPipe
 .text.USBH_ClosePipe
                0x0000000008007702       0x20 ./Middlewares/ST/STM32_USB_Host_Library/Core/Src/usbh_pipes.o
                0x0000000008007702                USBH_ClosePipe
 .text.USBH_AllocPipe
                0x0000000008007722       0x42 ./Middlewares/ST/STM32_USB_Host_Library/Core/Src/usbh_pipes.o
                0x0000000008007722                USBH_AllocPipe
 .text.USBH_FreePipe
                0x0000000008007764       0x3c ./Middlewares/ST/STM32_USB_Host_Library/Core/Src/usbh_pipes.o
                0x0000000008007764                USBH_FreePipe
 .text.USBH_GetFreePipe
                0x00000000080077a0       0x48 ./Middlewares/ST/STM32_USB_Host_Library/Core/Src/usbh_pipes.o
 .text.MX_USB_HOST_Init
                0x00000000080077e8       0x4c ./USB_HOST/App/usb_host.o
                0x00000000080077e8                MX_USB_HOST_Init
 .text.USBH_UserProcess
                0x0000000008007834       0x5c ./USB_HOST/App/usb_host.o
 .text.HAL_HCD_MspInit
                0x0000000008007890       0xc4 ./USB_HOST/Target/usbh_conf.o
                0x0000000008007890                HAL_HCD_MspInit
 .text.HAL_HCD_SOF_Callback
                0x0000000008007954       0x1c ./USB_HOST/Target/usbh_conf.o
                0x0000000008007954                HAL_HCD_SOF_Callback
 .text.HAL_HCD_Connect_Callback
                0x0000000008007970       0x1c ./USB_HOST/Target/usbh_conf.o
                0x0000000008007970                HAL_HCD_Connect_Callback
 .text.HAL_HCD_Disconnect_Callback
                0x000000000800798c       0x1c ./USB_HOST/Target/usbh_conf.o
                0x000000000800798c                HAL_HCD_Disconnect_Callback
 .text.HAL_HCD_HC_NotifyURBChange_Callback
                0x00000000080079a8       0x1c ./USB_HOST/Target/usbh_conf.o
                0x00000000080079a8                HAL_HCD_HC_NotifyURBChange_Callback
 .text.HAL_HCD_PortEnabled_Callback
                0x00000000080079c4       0x1c ./USB_HOST/Target/usbh_conf.o
                0x00000000080079c4                HAL_HCD_PortEnabled_Callback
 .text.HAL_HCD_PortDisabled_Callback
                0x00000000080079e0       0x1c ./USB_HOST/Target/usbh_conf.o
                0x00000000080079e0                HAL_HCD_PortDisabled_Callback
 .text.USBH_LL_Init
                0x00000000080079fc       0x78 ./USB_HOST/Target/usbh_conf.o
                0x00000000080079fc                USBH_LL_Init
 .text.USBH_LL_Start
                0x0000000008007a74       0x36 ./USB_HOST/Target/usbh_conf.o
                0x0000000008007a74                USBH_LL_Start
 .text.USBH_LL_Stop
                0x0000000008007aaa       0x36 ./USB_HOST/Target/usbh_conf.o
                0x0000000008007aaa                USBH_LL_Stop
 .text.USBH_LL_GetLastXferSize
                0x0000000008007ae0       0x26 ./USB_HOST/Target/usbh_conf.o
                0x0000000008007ae0                USBH_LL_GetLastXferSize
 .text.USBH_LL_OpenPipe
                0x0000000008007b06       0x5e ./USB_HOST/Target/usbh_conf.o
                0x0000000008007b06                USBH_LL_OpenPipe
 .text.USBH_LL_ClosePipe
                0x0000000008007b64       0x3e ./USB_HOST/Target/usbh_conf.o
                0x0000000008007b64                USBH_LL_ClosePipe
 .text.USBH_LL_SubmitURB
                0x0000000008007ba2       0x62 ./USB_HOST/Target/usbh_conf.o
                0x0000000008007ba2                USBH_LL_SubmitURB
 .text.USBH_LL_GetURBState
                0x0000000008007c04       0x26 ./USB_HOST/Target/usbh_conf.o
                0x0000000008007c04                USBH_LL_GetURBState
 .text.USBH_LL_DriverVBUS
                0x0000000008007c2a       0x2e ./USB_HOST/Target/usbh_conf.o
                0x0000000008007c2a                USBH_LL_DriverVBUS
 .text.USBH_LL_SetToggle
                0x0000000008007c58       0x60 ./USB_HOST/Target/usbh_conf.o
                0x0000000008007c58                USBH_LL_SetToggle
 .text.USBH_Get_USB_Status
                0x0000000008007cb8       0x58 ./USB_HOST/Target/usbh_conf.o
                0x0000000008007cb8                USBH_Get_USB_Status
 .text.MX_DriverVbusFS
                0x0000000008007d10       0x38 ./USB_HOST/Target/usbh_platform.o
                0x0000000008007d10                MX_DriverVbusFS
 .text.__errno  0x0000000008007d48        0xc c:/st/stm32cubeide_1.9.0/stm32cubeide/plugins/com.st.stm32cube.ide.mcu.externaltools.gnu-tools-for-stm32.10.3-2021.10.win32_1.0.0.202111181127/tools/bin/../lib/gcc/arm-none-eabi/10.3.1/../../../../arm-none-eabi/lib/thumb/v7e-m+fp/hard\libc_nano.a(lib_a-errno.o)
                0x0000000008007d48                __errno
 .text.__libc_init_array
                0x0000000008007d54       0x48 c:/st/stm32cubeide_1.9.0/stm32cubeide/plugins/com.st.stm32cube.ide.mcu.externaltools.gnu-tools-for-stm32.10.3-2021.10.win32_1.0.0.202111181127/tools/bin/../lib/gcc/arm-none-eabi/10.3.1/../../../../arm-none-eabi/lib/thumb/v7e-m+fp/hard\libc_nano.a(lib_a-init.o)
                0x0000000008007d54                __libc_init_array
 .text.malloc   0x0000000008007d9c       0x10 c:/st/stm32cubeide_1.9.0/stm32cubeide/plugins/com.st.stm32cube.ide.mcu.externaltools.gnu-tools-for-stm32.10.3-2021.10.win32_1.0.0.202111181127/tools/bin/../lib/gcc/arm-none-eabi/10.3.1/../../../../arm-none-eabi/lib/thumb/v7e-m+fp/hard\libc_nano.a(lib_a-malloc.o)
                0x0000000008007d9c                malloc
 .text.free     0x0000000008007dac       0x10 c:/st/stm32cubeide_1.9.0/stm32cubeide/plugins/com.st.stm32cube.ide.mcu.externaltools.gnu-tools-for-stm32.10.3-2021.10.win32_1.0.0.202111181127/tools/bin/../lib/gcc/arm-none-eabi/10.3.1/../../../../arm-none-eabi/lib/thumb/v7e-m+fp/hard\libc_nano.a(lib_a-malloc.o)
                0x0000000008007dac                free
 .text.memset   0x0000000008007dbc       0x10 c:/st/stm32cubeide_1.9.0/stm32cubeide/plugins/com.st.stm32cube.ide.mcu.externaltools.gnu-tools-for-stm32.10.3-2021.10.win32_1.0.0.202111181127/tools/bin/../lib/gcc/arm-none-eabi/10.3.1/../../../../arm-none-eabi/lib/thumb/v7e-m+fp/hard\libc_nano.a(lib_a-memset.o)
                0x0000000008007dbc                memset
 .text._free_r  0x0000000008007dcc       0x98 c:/st/stm32cubeide_1.9.0/stm32cubeide/plugins/com.st.stm32cube.ide.mcu.externaltools.gnu-tools-for-stm32.10.3-2021.10.win32_1.0.0.202111181127/tools/bin/../lib/gcc/arm-none-eabi/10.3.1/../../../../arm-none-eabi/lib/thumb/v7e-m+fp/hard\libc_nano.a(lib_a-nano-freer.o)
                0x0000000008007dcc                _free_r
 .text.sbrk_aligned
                0x0000000008007e64       0x40 c:/st/stm32cubeide_1.9.0/stm32cubeide/plugins/com.st.stm32cube.ide.mcu.externaltools.gnu-tools-for-stm32.10.3-2021.10.win32_1.0.0.202111181127/tools/bin/../lib/gcc/arm-none-eabi/10.3.1/../../../../arm-none-eabi/lib/thumb/v7e-m+fp/hard\libc_nano.a(lib_a-nano-mallocr.o)
 .text._malloc_r
                0x0000000008007ea4       0xe8 c:/st/stm32cubeide_1.9.0/stm32cubeide/plugins/com.st.stm32cube.ide.mcu.externaltools.gnu-tools-for-stm32.10.3-2021.10.win32_1.0.0.202111181127/tools/bin/../lib/gcc/arm-none-eabi/10.3.1/../../../../arm-none-eabi/lib/thumb/v7e-m+fp/hard\libc_nano.a(lib_a-nano-mallocr.o)
                0x0000000008007ea4                _malloc_r
 .text._sbrk_r  0x0000000008007f8c       0x20 c:/st/stm32cubeide_1.9.0/stm32cubeide/plugins/com.st.stm32cube.ide.mcu.externaltools.gnu-tools-for-stm32.10.3-2021.10.win32_1.0.0.202111181127/tools/bin/../lib/gcc/arm-none-eabi/10.3.1/../../../../arm-none-eabi/lib/thumb/v7e-m+fp/hard\libc_nano.a(lib_a-sbrkr.o)
                0x0000000008007f8c                _sbrk_r
 .text.__malloc_lock
                0x0000000008007fac        0xc c:/st/stm32cubeide_1.9.0/stm32cubeide/plugins/com.st.stm32cube.ide.mcu.externaltools.gnu-tools-for-stm32.10.3-2021.10.win32_1.0.0.202111181127/tools/bin/../lib/gcc/arm-none-eabi/10.3.1/../../../../arm-none-eabi/lib/thumb/v7e-m+fp/hard\libc_nano.a(lib_a-mlock.o)
                0x0000000008007fac                __malloc_lock
 .text.__malloc_unlock
                0x0000000008007fb8        0xc c:/st/stm32cubeide_1.9.0/stm32cubeide/plugins/com.st.stm32cube.ide.mcu.externaltools.gnu-tools-for-stm32.10.3-2021.10.win32_1.0.0.202111181127/tools/bin/../lib/gcc/arm-none-eabi/10.3.1/../../../../arm-none-eabi/lib/thumb/v7e-m+fp/hard\libc_nano.a(lib_a-mlock.o)
                0x0000000008007fb8                __malloc_unlock
 .text.__retarget_lock_acquire_recursive
                0x0000000008007fc4        0x2 c:/st/stm32cubeide_1.9.0/stm32cubeide/plugins/com.st.stm32cube.ide.mcu.externaltools.gnu-tools-for-stm32.10.3-2021.10.win32_1.0.0.202111181127/tools/bin/../lib/gcc/arm-none-eabi/10.3.1/../../../../arm-none-eabi/lib/thumb/v7e-m+fp/hard\libc_nano.a(lib_a-lock.o)
                0x0000000008007fc4                __retarget_lock_acquire_recursive
 .text.__retarget_lock_release_recursive
                0x0000000008007fc6        0x2 c:/st/stm32cubeide_1.9.0/stm32cubeide/plugins/com.st.stm32cube.ide.mcu.externaltools.gnu-tools-for-stm32.10.3-2021.10.win32_1.0.0.202111181127/tools/bin/../lib/gcc/arm-none-eabi/10.3.1/../../../../arm-none-eabi/lib/thumb/v7e-m+fp/hard\libc_nano.a(lib_a-lock.o)
                0x0000000008007fc6                __retarget_lock_release_recursive
 *(.glue_7)
 .glue_7        0x0000000008007fc8        0x0 linker stubs
 *(.glue_7t)
 .glue_7t       0x0000000008007fc8        0x0 linker stubs
 *(.eh_frame)
 .eh_frame      0x0000000008007fc8        0x0 c:/st/stm32cubeide_1.9.0/stm32cubeide/plugins/com.st.stm32cube.ide.mcu.externaltools.gnu-tools-for-stm32.10.3-2021.10.win32_1.0.0.202111181127/tools/bin/../lib/gcc/arm-none-eabi/10.3.1/thumb/v7e-m+fp/hard/crtbegin.o
 *(.init)
 .init          0x0000000008007fc8        0x4 c:/st/stm32cubeide_1.9.0/stm32cubeide/plugins/com.st.stm32cube.ide.mcu.externaltools.gnu-tools-for-stm32.10.3-2021.10.win32_1.0.0.202111181127/tools/bin/../lib/gcc/arm-none-eabi/10.3.1/thumb/v7e-m+fp/hard/crti.o
                0x0000000008007fc8                _init
 .init          0x0000000008007fcc        0x8 c:/st/stm32cubeide_1.9.0/stm32cubeide/plugins/com.st.stm32cube.ide.mcu.externaltools.gnu-tools-for-stm32.10.3-2021.10.win32_1.0.0.202111181127/tools/bin/../lib/gcc/arm-none-eabi/10.3.1/thumb/v7e-m+fp/hard/crtn.o
 *(.fini)
 .fini          0x0000000008007fd4        0x4 c:/st/stm32cubeide_1.9.0/stm32cubeide/plugins/com.st.stm32cube.ide.mcu.externaltools.gnu-tools-for-stm32.10.3-2021.10.win32_1.0.0.202111181127/tools/bin/../lib/gcc/arm-none-eabi/10.3.1/thumb/v7e-m+fp/hard/crti.o
                0x0000000008007fd4                _fini
 .fini          0x0000000008007fd8        0x8 c:/st/stm32cubeide_1.9.0/stm32cubeide/plugins/com.st.stm32cube.ide.mcu.externaltools.gnu-tools-for-stm32.10.3-2021.10.win32_1.0.0.202111181127/tools/bin/../lib/gcc/arm-none-eabi/10.3.1/thumb/v7e-m+fp/hard/crtn.o
                0x0000000008007fe0                . = ALIGN (0x4)
                0x0000000008007fe0                _etext = .

.vfp11_veneer   0x0000000008007fe0        0x0
 .vfp11_veneer  0x0000000008007fe0        0x0 linker stubs

.v4_bx          0x0000000008007fe0        0x0
 .v4_bx         0x0000000008007fe0        0x0 linker stubs

.iplt           0x0000000008007fe0        0x0
 .iplt          0x0000000008007fe0        0x0 c:/st/stm32cubeide_1.9.0/stm32cubeide/plugins/com.st.stm32cube.ide.mcu.externaltools.gnu-tools-for-stm32.10.3-2021.10.win32_1.0.0.202111181127/tools/bin/../lib/gcc/arm-none-eabi/10.3.1/thumb/v7e-m+fp/hard/crtbegin.o

.rodata         0x0000000008007fe0       0x24
                0x0000000008007fe0                . = ALIGN (0x4)
 *(.rodata)
 .rodata        0x0000000008007fe0        0x4 ./Middlewares/ST/STM32_USB_Host_Library/Class/CDC/Src/usbh_cdc.o
 *(.rodata*)
 .rodata.GPIO_PIN
                0x0000000008007fe4        0x8 ./Core/Src/stm32f4_discovery.o
                0x0000000008007fe4                GPIO_PIN
 .rodata.AHBPrescTable
                0x0000000008007fec       0x10 ./Core/Src/system_stm32f4xx.o
                0x0000000008007fec                AHBPrescTable
 .rodata.APBPrescTable
                0x0000000008007ffc        0x8 ./Core/Src/system_stm32f4xx.o
                0x0000000008007ffc                APBPrescTable
                0x0000000008008004                . = ALIGN (0x4)

.ARM.extab      0x0000000008008004        0x0
                0x0000000008008004                . = ALIGN (0x4)
 *(.ARM.extab* .gnu.linkonce.armextab.*)
                0x0000000008008004                . = ALIGN (0x4)

.ARM            0x0000000008008004        0x8
                0x0000000008008004                . = ALIGN (0x4)
                0x0000000008008004                __exidx_start = .
 *(.ARM.exidx*)
 .ARM.exidx     0x0000000008008004        0x8 c:/st/stm32cubeide_1.9.0/stm32cubeide/plugins/com.st.stm32cube.ide.mcu.externaltools.gnu-tools-for-stm32.10.3-2021.10.win32_1.0.0.202111181127/tools/bin/../lib/gcc/arm-none-eabi/10.3.1/thumb/v7e-m+fp/hard\libgcc.a(_udivmoddi4.o)
                0x000000000800800c                __exidx_end = .
                0x000000000800800c                . = ALIGN (0x4)

.rel.dyn        0x000000000800800c        0x0
 .rel.iplt      0x000000000800800c        0x0 c:/st/stm32cubeide_1.9.0/stm32cubeide/plugins/com.st.stm32cube.ide.mcu.externaltools.gnu-tools-for-stm32.10.3-2021.10.win32_1.0.0.202111181127/tools/bin/../lib/gcc/arm-none-eabi/10.3.1/thumb/v7e-m+fp/hard/crtbegin.o

.preinit_array  0x000000000800800c        0x0
                0x000000000800800c                . = ALIGN (0x4)
                0x000000000800800c                PROVIDE (__preinit_array_start = .)
 *(.preinit_array*)
                0x000000000800800c                PROVIDE (__preinit_array_end = .)
                0x000000000800800c                . = ALIGN (0x4)

.init_array     0x000000000800800c        0x4
                0x000000000800800c                . = ALIGN (0x4)
                0x000000000800800c                PROVIDE (__init_array_start = .)
 *(SORT_BY_NAME(.init_array.*))
 *(.init_array*)
 .init_array    0x000000000800800c        0x4 c:/st/stm32cubeide_1.9.0/stm32cubeide/plugins/com.st.stm32cube.ide.mcu.externaltools.gnu-tools-for-stm32.10.3-2021.10.win32_1.0.0.202111181127/tools/bin/../lib/gcc/arm-none-eabi/10.3.1/thumb/v7e-m+fp/hard/crtbegin.o
                0x0000000008008010                PROVIDE (__init_array_end = .)
                0x0000000008008010                . = ALIGN (0x4)

.fini_array     0x0000000008008010        0x4
                0x0000000008008010                . = ALIGN (0x4)
                [!provide]                        PROVIDE (__fini_array_start = .)
 *(SORT_BY_NAME(.fini_array.*))
 *(.fini_array*)
 .fini_array    0x0000000008008010        0x4 c:/st/stm32cubeide_1.9.0/stm32cubeide/plugins/com.st.stm32cube.ide.mcu.externaltools.gnu-tools-for-stm32.10.3-2021.10.win32_1.0.0.202111181127/tools/bin/../lib/gcc/arm-none-eabi/10.3.1/thumb/v7e-m+fp/hard/crtbegin.o
                [!provide]                        PROVIDE (__fini_array_end = .)
                0x0000000008008014                . = ALIGN (0x4)
                0x0000000008008014                _sidata = LOADADDR (.data)

.data           0x0000000020000000      0x110 load address 0x0000000008008014
                0x0000000020000000                . = ALIGN (0x4)
                0x0000000020000000                _sdata = .
 *(.data)
 *(.data*)
 .data.Lis302dlDrv
                0x0000000020000000       0x34 ./Core/Inc/lis302dl.o
                0x0000000020000000                Lis302dlDrv
 .data.Lis3dshDrv
                0x0000000020000034       0x34 ./Core/Inc/lis3dsh.o
                0x0000000020000034                Lis3dshDrv
 .data.ThresholdHigh
                0x0000000020000068        0x2 ./Core/Src/mems.o
                0x0000000020000068                ThresholdHigh
 .data.ThresholdLow
                0x000000002000006a        0x2 ./Core/Src/mems.o
                0x000000002000006a                ThresholdLow
 .data.GPIO_PORT
                0x000000002000006c       0x10 ./Core/Src/stm32f4_discovery.o
                0x000000002000006c                GPIO_PORT
 .data.SpixTimeout
                0x000000002000007c        0x4 ./Core/Src/stm32f4_discovery.o
                0x000000002000007c                SpixTimeout
 .data.SystemCoreClock
                0x0000000020000080        0x4 ./Core/Src/system_stm32f4xx.o
                0x0000000020000080                SystemCoreClock
 .data.uwTickPrio
                0x0000000020000084        0x4 ./Drivers/STM32F4xx_HAL_Driver/Src/stm32f4xx_hal.o
                0x0000000020000084                uwTickPrio
 .data.uwTickFreq
                0x0000000020000088        0x1 ./Drivers/STM32F4xx_HAL_Driver/Src/stm32f4xx_hal.o
                0x0000000020000088                uwTickFreq
 *fill*         0x0000000020000089        0x3 
 .data.CDC_Class
                0x000000002000008c       0x20 ./Middlewares/ST/STM32_USB_Host_Library/Class/CDC/Src/usbh_cdc.o
                0x000000002000008c                CDC_Class
 .data._impure_ptr
                0x00000000200000ac        0x4 c:/st/stm32cubeide_1.9.0/stm32cubeide/plugins/com.st.stm32cube.ide.mcu.externaltools.gnu-tools-for-stm32.10.3-2021.10.win32_1.0.0.202111181127/tools/bin/../lib/gcc/arm-none-eabi/10.3.1/../../../../arm-none-eabi/lib/thumb/v7e-m+fp/hard\libc_nano.a(lib_a-impure.o)
                0x00000000200000ac                _impure_ptr
 .data.impure_data
                0x00000000200000b0       0x60 c:/st/stm32cubeide_1.9.0/stm32cubeide/plugins/com.st.stm32cube.ide.mcu.externaltools.gnu-tools-for-stm32.10.3-2021.10.win32_1.0.0.202111181127/tools/bin/../lib/gcc/arm-none-eabi/10.3.1/../../../../arm-none-eabi/lib/thumb/v7e-m+fp/hard\libc_nano.a(lib_a-impure.o)
 *(.RamFunc)
 *(.RamFunc*)
                0x0000000020000110                . = ALIGN (0x4)
                0x0000000020000110                _edata = .
                0x0000000008008124                _siccmram = LOADADDR (.ccmram)

.igot.plt       0x0000000020000110        0x0 load address 0x0000000008008124
 .igot.plt      0x0000000020000110        0x0 c:/st/stm32cubeide_1.9.0/stm32cubeide/plugins/com.st.stm32cube.ide.mcu.externaltools.gnu-tools-for-stm32.10.3-2021.10.win32_1.0.0.202111181127/tools/bin/../lib/gcc/arm-none-eabi/10.3.1/thumb/v7e-m+fp/hard/crtbegin.o

.ccmram         0x0000000010000000        0x0 load address 0x0000000008008124
                0x0000000010000000                . = ALIGN (0x4)
                0x0000000010000000                _sccmram = .
 *(.ccmram)
 *(.ccmram*)
                0x0000000010000000                . = ALIGN (0x4)
                0x0000000010000000                _eccmram = .
                0x0000000010000000                . = ALIGN (0x4)

.bss            0x0000000020000110      0x80c
                0x0000000020000110                _sbss = .
                0x0000000020000110                __bss_start__ = _sbss
 *(.bss)
 .bss           0x0000000020000110       0x1c c:/st/stm32cubeide_1.9.0/stm32cubeide/plugins/com.st.stm32cube.ide.mcu.externaltools.gnu-tools-for-stm32.10.3-2021.10.win32_1.0.0.202111181127/tools/bin/../lib/gcc/arm-none-eabi/10.3.1/thumb/v7e-m+fp/hard/crtbegin.o
 *(.bss*)
 .bss.hi2c1     0x000000002000012c       0x54 ./Core/Src/main.o
                0x000000002000012c                hi2c1
 .bss.hi2s3     0x0000000020000180       0x48 ./Core/Src/main.o
                0x0000000020000180                hi2s3
 .bss.SpiHandle
                0x00000000200001c8       0x58 ./Core/Src/stm32f4_discovery.o
 .bss.AcceleroDrv
                0x0000000020000220        0x4 ./Core/Src/stm32f4_discovery_accelerometer.o
 .bss.__sbrk_heap_end
                0x0000000020000224        0x4 ./Core/Src/sysmem.o
 .bss.uwTick    0x0000000020000228        0x4 ./Drivers/STM32F4xx_HAL_Driver/Src/stm32f4xx_hal.o
                0x0000000020000228                uwTick
 .bss.hUsbHostFS
                0x000000002000022c      0x3d8 ./USB_HOST/App/usb_host.o
                0x000000002000022c                hUsbHostFS
 .bss.Appli_state
                0x0000000020000604        0x1 ./USB_HOST/App/usb_host.o
                0x0000000020000604                Appli_state
 *fill*         0x0000000020000605        0x3 
 .bss.hhcd_USB_OTG_FS
                0x0000000020000608      0x304 ./USB_HOST/Target/usbh_conf.o
                0x0000000020000608                hhcd_USB_OTG_FS
 .bss.__malloc_free_list
                0x000000002000090c        0x4 c:/st/stm32cubeide_1.9.0/stm32cubeide/plugins/com.st.stm32cube.ide.mcu.externaltools.gnu-tools-for-stm32.10.3-2021.10.win32_1.0.0.202111181127/tools/bin/../lib/gcc/arm-none-eabi/10.3.1/../../../../arm-none-eabi/lib/thumb/v7e-m+fp/hard\libc_nano.a(lib_a-nano-mallocr.o)
                0x000000002000090c                __malloc_free_list
 .bss.__malloc_sbrk_start
                0x0000000020000910        0x4 c:/st/stm32cubeide_1.9.0/stm32cubeide/plugins/com.st.stm32cube.ide.mcu.externaltools.gnu-tools-for-stm32.10.3-2021.10.win32_1.0.0.202111181127/tools/bin/../lib/gcc/arm-none-eabi/10.3.1/../../../../arm-none-eabi/lib/thumb/v7e-m+fp/hard\libc_nano.a(lib_a-nano-mallocr.o)
                0x0000000020000910                __malloc_sbrk_start
 .bss.errno     0x0000000020000914        0x4 c:/st/stm32cubeide_1.9.0/stm32cubeide/plugins/com.st.stm32cube.ide.mcu.externaltools.gnu-tools-for-stm32.10.3-2021.10.win32_1.0.0.202111181127/tools/bin/../lib/gcc/arm-none-eabi/10.3.1/../../../../arm-none-eabi/lib/thumb/v7e-m+fp/hard\libc_nano.a(lib_a-reent.o)
                0x0000000020000914                errno
 .bss.__lock___malloc_recursive_mutex
                0x0000000020000918        0x1 c:/st/stm32cubeide_1.9.0/stm32cubeide/plugins/com.st.stm32cube.ide.mcu.externaltools.gnu-tools-for-stm32.10.3-2021.10.win32_1.0.0.202111181127/tools/bin/../lib/gcc/arm-none-eabi/10.3.1/../../../../arm-none-eabi/lib/thumb/v7e-m+fp/hard\libc_nano.a(lib_a-lock.o)
                0x0000000020000918                __lock___malloc_recursive_mutex
 *(COMMON)
                0x000000002000091c                . = ALIGN (0x4)
 *fill*         0x0000000020000919        0x3 
                0x000000002000091c                _ebss = .
                0x000000002000091c                __bss_end__ = _ebss

._user_heap_stack
                0x000000002000091c      0x604
                0x0000000020000920                . = ALIGN (0x8)
 *fill*         0x000000002000091c        0x4 
                [!provide]                        PROVIDE (end = .)
                0x0000000020000920                PROVIDE (_end = .)
                0x0000000020000b20                . = (. + _Min_Heap_Size)
 *fill*         0x0000000020000920      0x200 
                0x0000000020000f20                . = (. + _Min_Stack_Size)
 *fill*         0x0000000020000b20      0x400 
                0x0000000020000f20                . = ALIGN (0x8)

/DISCARD/
 libc.a(*)
 libm.a(*)
 libgcc.a(*)

.ARM.attributes
                0x0000000000000000       0x30
 *(.ARM.attributes)
 .ARM.attributes
                0x0000000000000000       0x1e c:/st/stm32cubeide_1.9.0/stm32cubeide/plugins/com.st.stm32cube.ide.mcu.externaltools.gnu-tools-for-stm32.10.3-2021.10.win32_1.0.0.202111181127/tools/bin/../lib/gcc/arm-none-eabi/10.3.1/thumb/v7e-m+fp/hard/crti.o
 .ARM.attributes
                0x000000000000001e       0x34 c:/st/stm32cubeide_1.9.0/stm32cubeide/plugins/com.st.stm32cube.ide.mcu.externaltools.gnu-tools-for-stm32.10.3-2021.10.win32_1.0.0.202111181127/tools/bin/../lib/gcc/arm-none-eabi/10.3.1/thumb/v7e-m+fp/hard/crtbegin.o
 .ARM.attributes
                0x0000000000000052       0x34 ./Core/Inc/lis302dl.o
 .ARM.attributes
                0x0000000000000086       0x34 ./Core/Inc/lis3dsh.o
 .ARM.attributes
                0x00000000000000ba       0x34 ./Core/Src/main.o
 .ARM.attributes
                0x00000000000000ee       0x34 ./Core/Src/mems.o
 .ARM.attributes
                0x0000000000000122       0x34 ./Core/Src/stm32f4_discovery.o
 .ARM.attributes
                0x0000000000000156       0x34 ./Core/Src/stm32f4_discovery_accelerometer.o
 .ARM.attributes
                0x000000000000018a       0x34 ./Core/Src/stm32f4xx_hal_msp.o
 .ARM.attributes
                0x00000000000001be       0x34 ./Core/Src/stm32f4xx_it.o
 .ARM.attributes
                0x00000000000001f2       0x34 ./Core/Src/sysmem.o
 .ARM.attributes
                0x0000000000000226       0x34 ./Core/Src/system_stm32f4xx.o
 .ARM.attributes
                0x000000000000025a       0x21 ./Core/Startup/startup_stm32f407vgtx.o
 .ARM.attributes
                0x000000000000027b       0x34 ./Drivers/STM32F4xx_HAL_Driver/Src/stm32f4xx_hal.o
 .ARM.attributes
                0x00000000000002af       0x34 ./Drivers/STM32F4xx_HAL_Driver/Src/stm32f4xx_hal_cortex.o
 .ARM.attributes
                0x00000000000002e3       0x34 ./Drivers/STM32F4xx_HAL_Driver/Src/stm32f4xx_hal_gpio.o
 .ARM.attributes
                0x0000000000000317       0x34 ./Drivers/STM32F4xx_HAL_Driver/Src/stm32f4xx_hal_hcd.o
 .ARM.attributes
                0x000000000000034b       0x34 ./Drivers/STM32F4xx_HAL_Driver/Src/stm32f4xx_hal_i2c.o
 .ARM.attributes
                0x000000000000037f       0x34 ./Drivers/STM32F4xx_HAL_Driver/Src/stm32f4xx_hal_i2s.o
 .ARM.attributes
                0x00000000000003b3       0x34 ./Drivers/STM32F4xx_HAL_Driver/Src/stm32f4xx_hal_i2s_ex.o
 .ARM.attributes
                0x00000000000003e7       0x34 ./Drivers/STM32F4xx_HAL_Driver/Src/stm32f4xx_hal_rcc.o
 .ARM.attributes
                0x000000000000041b       0x34 ./Drivers/STM32F4xx_HAL_Driver/Src/stm32f4xx_hal_rcc_ex.o
 .ARM.attributes
                0x000000000000044f       0x34 ./Drivers/STM32F4xx_HAL_Driver/Src/stm32f4xx_hal_spi.o
 .ARM.attributes
                0x0000000000000483       0x34 ./Drivers/STM32F4xx_HAL_Driver/Src/stm32f4xx_ll_usb.o
 .ARM.attributes
                0x00000000000004b7       0x34 ./Middlewares/ST/STM32_USB_Host_Library/Class/CDC/Src/usbh_cdc.o
 .ARM.attributes
                0x00000000000004eb       0x34 ./Middlewares/ST/STM32_USB_Host_Library/Core/Src/usbh_core.o
 .ARM.attributes
                0x000000000000051f       0x34 ./Middlewares/ST/STM32_USB_Host_Library/Core/Src/usbh_ctlreq.o
 .ARM.attributes
                0x0000000000000553       0x34 ./Middlewares/ST/STM32_USB_Host_Library/Core/Src/usbh_ioreq.o
 .ARM.attributes
                0x0000000000000587       0x34 ./Middlewares/ST/STM32_USB_Host_Library/Core/Src/usbh_pipes.o
 .ARM.attributes
                0x00000000000005bb       0x34 ./USB_HOST/App/usb_host.o
 .ARM.attributes
                0x00000000000005ef       0x34 ./USB_HOST/Target/usbh_conf.o
 .ARM.attributes
                0x0000000000000623       0x34 ./USB_HOST/Target/usbh_platform.o
 .ARM.attributes
                0x0000000000000657       0x34 c:/st/stm32cubeide_1.9.0/stm32cubeide/plugins/com.st.stm32cube.ide.mcu.externaltools.gnu-tools-for-stm32.10.3-2021.10.win32_1.0.0.202111181127/tools/bin/../lib/gcc/arm-none-eabi/10.3.1/../../../../arm-none-eabi/lib/thumb/v7e-m+fp/hard\libc_nano.a(lib_a-errno.o)
 .ARM.attributes
                0x000000000000068b       0x34 c:/st/stm32cubeide_1.9.0/stm32cubeide/plugins/com.st.stm32cube.ide.mcu.externaltools.gnu-tools-for-stm32.10.3-2021.10.win32_1.0.0.202111181127/tools/bin/../lib/gcc/arm-none-eabi/10.3.1/../../../../arm-none-eabi/lib/thumb/v7e-m+fp/hard\libc_nano.a(lib_a-impure.o)
 .ARM.attributes
                0x00000000000006bf       0x34 c:/st/stm32cubeide_1.9.0/stm32cubeide/plugins/com.st.stm32cube.ide.mcu.externaltools.gnu-tools-for-stm32.10.3-2021.10.win32_1.0.0.202111181127/tools/bin/../lib/gcc/arm-none-eabi/10.3.1/../../../../arm-none-eabi/lib/thumb/v7e-m+fp/hard\libc_nano.a(lib_a-init.o)
 .ARM.attributes
                0x00000000000006f3       0x34 c:/st/stm32cubeide_1.9.0/stm32cubeide/plugins/com.st.stm32cube.ide.mcu.externaltools.gnu-tools-for-stm32.10.3-2021.10.win32_1.0.0.202111181127/tools/bin/../lib/gcc/arm-none-eabi/10.3.1/../../../../arm-none-eabi/lib/thumb/v7e-m+fp/hard\libc_nano.a(lib_a-malloc.o)
 .ARM.attributes
                0x0000000000000727       0x34 c:/st/stm32cubeide_1.9.0/stm32cubeide/plugins/com.st.stm32cube.ide.mcu.externaltools.gnu-tools-for-stm32.10.3-2021.10.win32_1.0.0.202111181127/tools/bin/../lib/gcc/arm-none-eabi/10.3.1/../../../../arm-none-eabi/lib/thumb/v7e-m+fp/hard\libc_nano.a(lib_a-memset.o)
 .ARM.attributes
                0x000000000000075b       0x34 c:/st/stm32cubeide_1.9.0/stm32cubeide/plugins/com.st.stm32cube.ide.mcu.externaltools.gnu-tools-for-stm32.10.3-2021.10.win32_1.0.0.202111181127/tools/bin/../lib/gcc/arm-none-eabi/10.3.1/../../../../arm-none-eabi/lib/thumb/v7e-m+fp/hard\libc_nano.a(lib_a-nano-freer.o)
 .ARM.attributes
                0x000000000000078f       0x34 c:/st/stm32cubeide_1.9.0/stm32cubeide/plugins/com.st.stm32cube.ide.mcu.externaltools.gnu-tools-for-stm32.10.3-2021.10.win32_1.0.0.202111181127/tools/bin/../lib/gcc/arm-none-eabi/10.3.1/../../../../arm-none-eabi/lib/thumb/v7e-m+fp/hard\libc_nano.a(lib_a-nano-mallocr.o)
 .ARM.attributes
                0x00000000000007c3       0x34 c:/st/stm32cubeide_1.9.0/stm32cubeide/plugins/com.st.stm32cube.ide.mcu.externaltools.gnu-tools-for-stm32.10.3-2021.10.win32_1.0.0.202111181127/tools/bin/../lib/gcc/arm-none-eabi/10.3.1/../../../../arm-none-eabi/lib/thumb/v7e-m+fp/hard\libc_nano.a(lib_a-sbrkr.o)
 .ARM.attributes
                0x00000000000007f7       0x34 c:/st/stm32cubeide_1.9.0/stm32cubeide/plugins/com.st.stm32cube.ide.mcu.externaltools.gnu-tools-for-stm32.10.3-2021.10.win32_1.0.0.202111181127/tools/bin/../lib/gcc/arm-none-eabi/10.3.1/../../../../arm-none-eabi/lib/thumb/v7e-m+fp/hard\libc_nano.a(lib_a-mlock.o)
 .ARM.attributes
                0x000000000000082b       0x34 c:/st/stm32cubeide_1.9.0/stm32cubeide/plugins/com.st.stm32cube.ide.mcu.externaltools.gnu-tools-for-stm32.10.3-2021.10.win32_1.0.0.202111181127/tools/bin/../lib/gcc/arm-none-eabi/10.3.1/../../../../arm-none-eabi/lib/thumb/v7e-m+fp/hard\libc_nano.a(lib_a-reent.o)
 .ARM.attributes
                0x000000000000085f       0x34 c:/st/stm32cubeide_1.9.0/stm32cubeide/plugins/com.st.stm32cube.ide.mcu.externaltools.gnu-tools-for-stm32.10.3-2021.10.win32_1.0.0.202111181127/tools/bin/../lib/gcc/arm-none-eabi/10.3.1/../../../../arm-none-eabi/lib/thumb/v7e-m+fp/hard\libc_nano.a(lib_a-lock.o)
 .ARM.attributes
                0x0000000000000893       0x1e c:/st/stm32cubeide_1.9.0/stm32cubeide/plugins/com.st.stm32cube.ide.mcu.externaltools.gnu-tools-for-stm32.10.3-2021.10.win32_1.0.0.202111181127/tools/bin/../lib/gcc/arm-none-eabi/10.3.1/thumb/v7e-m+fp/hard\libgcc.a(_aeabi_uldivmod.o)
 .ARM.attributes
                0x00000000000008b1       0x34 c:/st/stm32cubeide_1.9.0/stm32cubeide/plugins/com.st.stm32cube.ide.mcu.externaltools.gnu-tools-for-stm32.10.3-2021.10.win32_1.0.0.202111181127/tools/bin/../lib/gcc/arm-none-eabi/10.3.1/thumb/v7e-m+fp/hard\libgcc.a(_udivmoddi4.o)
 .ARM.attributes
                0x00000000000008e5       0x1e c:/st/stm32cubeide_1.9.0/stm32cubeide/plugins/com.st.stm32cube.ide.mcu.externaltools.gnu-tools-for-stm32.10.3-2021.10.win32_1.0.0.202111181127/tools/bin/../lib/gcc/arm-none-eabi/10.3.1/thumb/v7e-m+fp/hard\libgcc.a(_dvmd_tls.o)
 .ARM.attributes
                0x0000000000000903       0x1e c:/st/stm32cubeide_1.9.0/stm32cubeide/plugins/com.st.stm32cube.ide.mcu.externaltools.gnu-tools-for-stm32.10.3-2021.10.win32_1.0.0.202111181127/tools/bin/../lib/gcc/arm-none-eabi/10.3.1/thumb/v7e-m+fp/hard/crtn.o
OUTPUT(bsp_project2.elf elf32-littlearm)
LOAD linker stubs
LOAD c:/st/stm32cubeide_1.9.0/stm32cubeide/plugins/com.st.stm32cube.ide.mcu.externaltools.gnu-tools-for-stm32.10.3-2021.10.win32_1.0.0.202111181127/tools/bin/../lib/gcc/arm-none-eabi/10.3.1/../../../../arm-none-eabi/lib/thumb/v7e-m+fp/hard\libc.a
LOAD c:/st/stm32cubeide_1.9.0/stm32cubeide/plugins/com.st.stm32cube.ide.mcu.externaltools.gnu-tools-for-stm32.10.3-2021.10.win32_1.0.0.202111181127/tools/bin/../lib/gcc/arm-none-eabi/10.3.1/../../../../arm-none-eabi/lib/thumb/v7e-m+fp/hard\libm.a
LOAD c:/st/stm32cubeide_1.9.0/stm32cubeide/plugins/com.st.stm32cube.ide.mcu.externaltools.gnu-tools-for-stm32.10.3-2021.10.win32_1.0.0.202111181127/tools/bin/../lib/gcc/arm-none-eabi/10.3.1/thumb/v7e-m+fp/hard\libgcc.a

.debug_info     0x0000000000000000    0x17f80
 .debug_info    0x0000000000000000      0x559 ./Core/Inc/lis302dl.o
 .debug_info    0x0000000000000559      0x507 ./Core/Inc/lis3dsh.o
 .debug_info    0x0000000000000a60     0x11eb ./Core/Src/main.o
 .debug_info    0x0000000000001c4b      0x205 ./Core/Src/mems.o
 .debug_info    0x0000000000001e50     0x16e5 ./Core/Src/stm32f4_discovery.o
 .debug_info    0x0000000000003535      0x41f ./Core/Src/stm32f4_discovery_accelerometer.o
 .debug_info    0x0000000000003954     0x105a ./Core/Src/stm32f4xx_hal_msp.o
 .debug_info    0x00000000000049ae      0x675 ./Core/Src/stm32f4xx_it.o
 .debug_info    0x0000000000005023      0x171 ./Core/Src/sysmem.o
 .debug_info    0x0000000000005194      0x523 ./Core/Src/system_stm32f4xx.o
 .debug_info    0x00000000000056b7       0x22 ./Core/Startup/startup_stm32f407vgtx.o
 .debug_info    0x00000000000056d9      0x97c ./Drivers/STM32F4xx_HAL_Driver/Src/stm32f4xx_hal.o
 .debug_info    0x0000000000006055      0xe1b ./Drivers/STM32F4xx_HAL_Driver/Src/stm32f4xx_hal_cortex.o
 .debug_info    0x0000000000006e70      0x76a ./Drivers/STM32F4xx_HAL_Driver/Src/stm32f4xx_hal_gpio.o
 .debug_info    0x00000000000075da     0x10c6 ./Drivers/STM32F4xx_HAL_Driver/Src/stm32f4xx_hal_hcd.o
 .debug_info    0x00000000000086a0     0x2609 ./Drivers/STM32F4xx_HAL_Driver/Src/stm32f4xx_hal_i2c.o
 .debug_info    0x000000000000aca9      0xeb6 ./Drivers/STM32F4xx_HAL_Driver/Src/stm32f4xx_hal_i2s.o
 .debug_info    0x000000000000bb5f      0xb7b ./Drivers/STM32F4xx_HAL_Driver/Src/stm32f4xx_hal_i2s_ex.o
 .debug_info    0x000000000000c6da      0x966 ./Drivers/STM32F4xx_HAL_Driver/Src/stm32f4xx_hal_rcc.o
 .debug_info    0x000000000000d040      0x569 ./Drivers/STM32F4xx_HAL_Driver/Src/stm32f4xx_hal_rcc_ex.o
 .debug_info    0x000000000000d5a9     0x1758 ./Drivers/STM32F4xx_HAL_Driver/Src/stm32f4xx_hal_spi.o
 .debug_info    0x000000000000ed01     0x1a97 ./Drivers/STM32F4xx_HAL_Driver/Src/stm32f4xx_ll_usb.o
 .debug_info    0x0000000000010798     0x150d ./Middlewares/ST/STM32_USB_Host_Library/Class/CDC/Src/usbh_cdc.o
 .debug_info    0x0000000000011ca5     0x1065 ./Middlewares/ST/STM32_USB_Host_Library/Core/Src/usbh_core.o
 .debug_info    0x0000000000012d0a     0x1083 ./Middlewares/ST/STM32_USB_Host_Library/Core/Src/usbh_ctlreq.o
 .debug_info    0x0000000000013d8d      0xcf6 ./Middlewares/ST/STM32_USB_Host_Library/Core/Src/usbh_ioreq.o
 .debug_info    0x0000000000014a83      0xb34 ./Middlewares/ST/STM32_USB_Host_Library/Core/Src/usbh_pipes.o
 .debug_info    0x00000000000155b7      0xab3 ./USB_HOST/App/usb_host.o
 .debug_info    0x000000000001606a     0x1d2d ./USB_HOST/Target/usbh_conf.o
 .debug_info    0x0000000000017d97      0x1e9 ./USB_HOST/Target/usbh_platform.o

.debug_abbrev   0x0000000000000000     0x3fe0
 .debug_abbrev  0x0000000000000000      0x1dc ./Core/Inc/lis302dl.o
 .debug_abbrev  0x00000000000001dc      0x1dc ./Core/Inc/lis3dsh.o
 .debug_abbrev  0x00000000000003b8      0x258 ./Core/Src/main.o
 .debug_abbrev  0x0000000000000610      0x10f ./Core/Src/mems.o
 .debug_abbrev  0x000000000000071f      0x2e2 ./Core/Src/stm32f4_discovery.o
 .debug_abbrev  0x0000000000000a01      0x162 ./Core/Src/stm32f4_discovery_accelerometer.o
 .debug_abbrev  0x0000000000000b63      0x211 ./Core/Src/stm32f4xx_hal_msp.o
 .debug_abbrev  0x0000000000000d74      0x199 ./Core/Src/stm32f4xx_it.o
 .debug_abbrev  0x0000000000000f0d       0xbb ./Core/Src/sysmem.o
 .debug_abbrev  0x0000000000000fc8      0x116 ./Core/Src/system_stm32f4xx.o
 .debug_abbrev  0x00000000000010de       0x12 ./Core/Startup/startup_stm32f407vgtx.o
 .debug_abbrev  0x00000000000010f0      0x20d ./Drivers/STM32F4xx_HAL_Driver/Src/stm32f4xx_hal.o
 .debug_abbrev  0x00000000000012fd      0x316 ./Drivers/STM32F4xx_HAL_Driver/Src/stm32f4xx_hal_cortex.o
 .debug_abbrev  0x0000000000001613      0x1c4 ./Drivers/STM32F4xx_HAL_Driver/Src/stm32f4xx_hal_gpio.o
 .debug_abbrev  0x00000000000017d7      0x27e ./Drivers/STM32F4xx_HAL_Driver/Src/stm32f4xx_hal_hcd.o
 .debug_abbrev  0x0000000000001a55      0x297 ./Drivers/STM32F4xx_HAL_Driver/Src/stm32f4xx_hal_i2c.o
 .debug_abbrev  0x0000000000001cec      0x247 ./Drivers/STM32F4xx_HAL_Driver/Src/stm32f4xx_hal_i2s.o
 .debug_abbrev  0x0000000000001f33      0x278 ./Drivers/STM32F4xx_HAL_Driver/Src/stm32f4xx_hal_i2s_ex.o
 .debug_abbrev  0x00000000000021ab      0x2aa ./Drivers/STM32F4xx_HAL_Driver/Src/stm32f4xx_hal_rcc.o
 .debug_abbrev  0x0000000000002455      0x1a8 ./Drivers/STM32F4xx_HAL_Driver/Src/stm32f4xx_hal_rcc_ex.o
 .debug_abbrev  0x00000000000025fd      0x26e ./Drivers/STM32F4xx_HAL_Driver/Src/stm32f4xx_hal_spi.o
 .debug_abbrev  0x000000000000286b      0x296 ./Drivers/STM32F4xx_HAL_Driver/Src/stm32f4xx_ll_usb.o
 .debug_abbrev  0x0000000000002b01      0x328 ./Middlewares/ST/STM32_USB_Host_Library/Class/CDC/Src/usbh_cdc.o
 .debug_abbrev  0x0000000000002e29      0x317 ./Middlewares/ST/STM32_USB_Host_Library/Core/Src/usbh_core.o
 .debug_abbrev  0x0000000000003140      0x2e6 ./Middlewares/ST/STM32_USB_Host_Library/Core/Src/usbh_ctlreq.o
 .debug_abbrev  0x0000000000003426      0x232 ./Middlewares/ST/STM32_USB_Host_Library/Core/Src/usbh_ioreq.o
 .debug_abbrev  0x0000000000003658      0x270 ./Middlewares/ST/STM32_USB_Host_Library/Core/Src/usbh_pipes.o
 .debug_abbrev  0x00000000000038c8      0x25a ./USB_HOST/App/usb_host.o
 .debug_abbrev  0x0000000000003b22      0x3ac ./USB_HOST/Target/usbh_conf.o
 .debug_abbrev  0x0000000000003ece      0x112 ./USB_HOST/Target/usbh_platform.o

.debug_aranges  0x0000000000000000     0x1338
 .debug_aranges
                0x0000000000000000       0x78 ./Core/Inc/lis302dl.o
 .debug_aranges
                0x0000000000000078       0x68 ./Core/Inc/lis3dsh.o
 .debug_aranges
                0x00000000000000e0       0x50 ./Core/Src/main.o
 .debug_aranges
                0x0000000000000130       0x28 ./Core/Src/mems.o
 .debug_aranges
                0x0000000000000158       0xd8 ./Core/Src/stm32f4_discovery.o
 .debug_aranges
                0x0000000000000230       0x48 ./Core/Src/stm32f4_discovery_accelerometer.o
 .debug_aranges
                0x0000000000000278       0x50 ./Core/Src/stm32f4xx_hal_msp.o
 .debug_aranges
                0x00000000000002c8       0x68 ./Core/Src/stm32f4xx_it.o
 .debug_aranges
                0x0000000000000330       0x20 ./Core/Src/sysmem.o
 .debug_aranges
                0x0000000000000350       0x28 ./Core/Src/system_stm32f4xx.o
 .debug_aranges
                0x0000000000000378       0x28 ./Core/Startup/startup_stm32f407vgtx.o
 .debug_aranges
                0x00000000000003a0       0xf0 ./Drivers/STM32F4xx_HAL_Driver/Src/stm32f4xx_hal.o
 .debug_aranges
                0x0000000000000490      0x118 ./Drivers/STM32F4xx_HAL_Driver/Src/stm32f4xx_hal_cortex.o
 .debug_aranges
                0x00000000000005a8       0x58 ./Drivers/STM32F4xx_HAL_Driver/Src/stm32f4xx_hal_gpio.o
 .debug_aranges
                0x0000000000000600       0xf8 ./Drivers/STM32F4xx_HAL_Driver/Src/stm32f4xx_hal_hcd.o
 .debug_aranges
                0x00000000000006f8      0x2a0 ./Drivers/STM32F4xx_HAL_Driver/Src/stm32f4xx_hal_i2c.o
 .debug_aranges
                0x0000000000000998      0x108 ./Drivers/STM32F4xx_HAL_Driver/Src/stm32f4xx_hal_i2s.o
 .debug_aranges
                0x0000000000000aa0       0x88 ./Drivers/STM32F4xx_HAL_Driver/Src/stm32f4xx_hal_i2s_ex.o
 .debug_aranges
                0x0000000000000b28       0x88 ./Drivers/STM32F4xx_HAL_Driver/Src/stm32f4xx_hal_rcc.o
 .debug_aranges
                0x0000000000000bb0       0x48 ./Drivers/STM32F4xx_HAL_Driver/Src/stm32f4xx_hal_rcc_ex.o
 .debug_aranges
                0x0000000000000bf8      0x1d0 ./Drivers/STM32F4xx_HAL_Driver/Src/stm32f4xx_hal_spi.o
 .debug_aranges
                0x0000000000000dc8      0x1a0 ./Drivers/STM32F4xx_HAL_Driver/Src/stm32f4xx_ll_usb.o
 .debug_aranges
                0x0000000000000f68       0xa8 ./Middlewares/ST/STM32_USB_Host_Library/Class/CDC/Src/usbh_cdc.o
 .debug_aranges
                0x0000000000001010       0xc0 ./Middlewares/ST/STM32_USB_Host_Library/Core/Src/usbh_core.o
 .debug_aranges
                0x00000000000010d0       0xa0 ./Middlewares/ST/STM32_USB_Host_Library/Core/Src/usbh_ctlreq.o
 .debug_aranges
                0x0000000000001170       0x60 ./Middlewares/ST/STM32_USB_Host_Library/Core/Src/usbh_ioreq.o
 .debug_aranges
                0x00000000000011d0       0x40 ./Middlewares/ST/STM32_USB_Host_Library/Core/Src/usbh_pipes.o
 .debug_aranges
                0x0000000000001210       0x30 ./USB_HOST/App/usb_host.o
 .debug_aranges
                0x0000000000001240       0xd8 ./USB_HOST/Target/usbh_conf.o
 .debug_aranges
                0x0000000000001318       0x20 ./USB_HOST/Target/usbh_platform.o

.debug_ranges   0x0000000000000000     0x1178
 .debug_ranges  0x0000000000000000       0x68 ./Core/Inc/lis302dl.o
 .debug_ranges  0x0000000000000068       0x58 ./Core/Inc/lis3dsh.o
 .debug_ranges  0x00000000000000c0       0x40 ./Core/Src/main.o
 .debug_ranges  0x0000000000000100       0x18 ./Core/Src/mems.o
 .debug_ranges  0x0000000000000118       0xc8 ./Core/Src/stm32f4_discovery.o
 .debug_ranges  0x00000000000001e0       0x38 ./Core/Src/stm32f4_discovery_accelerometer.o
 .debug_ranges  0x0000000000000218       0x40 ./Core/Src/stm32f4xx_hal_msp.o
 .debug_ranges  0x0000000000000258       0x58 ./Core/Src/stm32f4xx_it.o
 .debug_ranges  0x00000000000002b0       0x10 ./Core/Src/sysmem.o
 .debug_ranges  0x00000000000002c0       0x18 ./Core/Src/system_stm32f4xx.o
 .debug_ranges  0x00000000000002d8       0x20 ./Core/Startup/startup_stm32f407vgtx.o
 .debug_ranges  0x00000000000002f8       0xe0 ./Drivers/STM32F4xx_HAL_Driver/Src/stm32f4xx_hal.o
 .debug_ranges  0x00000000000003d8      0x108 ./Drivers/STM32F4xx_HAL_Driver/Src/stm32f4xx_hal_cortex.o
 .debug_ranges  0x00000000000004e0       0x48 ./Drivers/STM32F4xx_HAL_Driver/Src/stm32f4xx_hal_gpio.o
 .debug_ranges  0x0000000000000528       0xe8 ./Drivers/STM32F4xx_HAL_Driver/Src/stm32f4xx_hal_hcd.o
 .debug_ranges  0x0000000000000610      0x2a8 ./Drivers/STM32F4xx_HAL_Driver/Src/stm32f4xx_hal_i2c.o
 .debug_ranges  0x00000000000008b8       0xf8 ./Drivers/STM32F4xx_HAL_Driver/Src/stm32f4xx_hal_i2s.o
 .debug_ranges  0x00000000000009b0       0x78 ./Drivers/STM32F4xx_HAL_Driver/Src/stm32f4xx_hal_i2s_ex.o
 .debug_ranges  0x0000000000000a28       0x78 ./Drivers/STM32F4xx_HAL_Driver/Src/stm32f4xx_hal_rcc.o
 .debug_ranges  0x0000000000000aa0       0x38 ./Drivers/STM32F4xx_HAL_Driver/Src/stm32f4xx_hal_rcc_ex.o
 .debug_ranges  0x0000000000000ad8      0x1c0 ./Drivers/STM32F4xx_HAL_Driver/Src/stm32f4xx_hal_spi.o
 .debug_ranges  0x0000000000000c98      0x190 ./Drivers/STM32F4xx_HAL_Driver/Src/stm32f4xx_ll_usb.o
 .debug_ranges  0x0000000000000e28       0x98 ./Middlewares/ST/STM32_USB_Host_Library/Class/CDC/Src/usbh_cdc.o
 .debug_ranges  0x0000000000000ec0       0xb0 ./Middlewares/ST/STM32_USB_Host_Library/Core/Src/usbh_core.o
 .debug_ranges  0x0000000000000f70       0x90 ./Middlewares/ST/STM32_USB_Host_Library/Core/Src/usbh_ctlreq.o
 .debug_ranges  0x0000000000001000       0x50 ./Middlewares/ST/STM32_USB_Host_Library/Core/Src/usbh_ioreq.o
 .debug_ranges  0x0000000000001050       0x30 ./Middlewares/ST/STM32_USB_Host_Library/Core/Src/usbh_pipes.o
 .debug_ranges  0x0000000000001080       0x20 ./USB_HOST/App/usb_host.o
 .debug_ranges  0x00000000000010a0       0xc8 ./USB_HOST/Target/usbh_conf.o
 .debug_ranges  0x0000000000001168       0x10 ./USB_HOST/Target/usbh_platform.o

.debug_macro    0x0000000000000000    0x24c6c
 .debug_macro   0x0000000000000000       0x7c ./Core/Inc/lis302dl.o
 .debug_macro   0x000000000000007c      0xa78 ./Core/Inc/lis302dl.o
 .debug_macro   0x0000000000000af4       0x22 ./Core/Inc/lis302dl.o
 .debug_macro   0x0000000000000b16       0x8e ./Core/Inc/lis302dl.o
 .debug_macro   0x0000000000000ba4       0x51 ./Core/Inc/lis302dl.o
 .debug_macro   0x0000000000000bf5      0x103 ./Core/Inc/lis302dl.o
 .debug_macro   0x0000000000000cf8       0x6a ./Core/Inc/lis302dl.o
 .debug_macro   0x0000000000000d62      0x1df ./Core/Inc/lis302dl.o
 .debug_macro   0x0000000000000f41      0x1d1 ./Core/Inc/lis302dl.o
 .debug_macro   0x0000000000001112       0x7c ./Core/Inc/lis3dsh.o
 .debug_macro   0x000000000000118e      0x428 ./Core/Inc/lis3dsh.o
 .debug_macro   0x00000000000015b6      0x231 ./Core/Src/main.o
 .debug_macro   0x00000000000017e7      0x2a7 ./Core/Src/main.o
 .debug_macro   0x0000000000001a8e       0x2e ./Core/Src/main.o
 .debug_macro   0x0000000000001abc       0x2f ./Core/Src/main.o
 .debug_macro   0x0000000000001aeb       0x1c ./Core/Src/main.o
 .debug_macro   0x0000000000001b07       0x22 ./Core/Src/main.o
 .debug_macro   0x0000000000001b29       0xd9 ./Core/Src/main.o
 .debug_macro   0x0000000000001c02     0x102d ./Core/Src/main.o
 .debug_macro   0x0000000000002c2f      0x11f ./Core/Src/main.o
 .debug_macro   0x0000000000002d4e    0x15e82 ./Core/Src/main.o
 .debug_macro   0x0000000000018bd0       0x6d ./Core/Src/main.o
 .debug_macro   0x0000000000018c3d     0x367e ./Core/Src/main.o
 .debug_macro   0x000000000001c2bb      0x174 ./Core/Src/main.o
 .debug_macro   0x000000000001c42f       0x5c ./Core/Src/main.o
 .debug_macro   0x000000000001c48b      0x96b ./Core/Src/main.o
 .debug_macro   0x000000000001cdf6      0x9fe ./Core/Src/main.o
 .debug_macro   0x000000000001d7f4      0x115 ./Core/Src/main.o
 .debug_macro   0x000000000001d909      0x13e ./Core/Src/main.o
 .debug_macro   0x000000000001da47       0xa5 ./Core/Src/main.o
 .debug_macro   0x000000000001daec      0x174 ./Core/Src/main.o
 .debug_macro   0x000000000001dc60      0x287 ./Core/Src/main.o
 .debug_macro   0x000000000001dee7       0x5f ./Core/Src/main.o
 .debug_macro   0x000000000001df46      0x236 ./Core/Src/main.o
 .debug_macro   0x000000000001e17c      0x12c ./Core/Src/main.o
 .debug_macro   0x000000000001e2a8      0x21e ./Core/Src/main.o
 .debug_macro   0x000000000001e4c6       0x2e ./Core/Src/main.o
 .debug_macro   0x000000000001e4f4      0x1b5 ./Core/Src/main.o
 .debug_macro   0x000000000001e6a9       0xd6 ./Core/Src/main.o
 .debug_macro   0x000000000001e77f      0x1a7 ./Core/Src/main.o
 .debug_macro   0x000000000001e926       0x46 ./Core/Src/main.o
 .debug_macro   0x000000000001e96c       0x4a ./Core/Src/main.o
 .debug_macro   0x000000000001e9b6      0x11a ./Core/Src/main.o
 .debug_macro   0x000000000001ead0       0x7e ./Core/Src/main.o
 .debug_macro   0x000000000001eb4e       0x89 ./Core/Src/main.o
 .debug_macro   0x000000000001ebd7      0x225 ./Core/Src/main.o
 .debug_macro   0x000000000001edfc      0x248 ./Core/Src/main.o
 .debug_macro   0x000000000001f044       0x7c ./Core/Src/main.o
 .debug_macro   0x000000000001f0c0      0x12d ./Core/Src/main.o
 .debug_macro   0x000000000001f1ed      0x190 ./Core/Src/main.o
 .debug_macro   0x000000000001f37d      0x1e5 ./Core/Src/main.o
 .debug_macro   0x000000000001f562       0x10 ./Core/Src/main.o
 .debug_macro   0x000000000001f572      0x25a ./Core/Src/mems.o
 .debug_macro   0x000000000001f7cc      0x42e ./Core/Src/mems.o
 .debug_macro   0x000000000001fbfa      0x233 ./Core/Src/stm32f4_discovery.o
 .debug_macro   0x000000000001fe2d      0x1df ./Core/Src/stm32f4_discovery.o
 .debug_macro   0x000000000002000c      0x241 ./Core/Src/stm32f4_discovery_accelerometer.o
 .debug_macro   0x000000000002024d      0x215 ./Core/Src/stm32f4xx_hal_msp.o
 .debug_macro   0x0000000000020462      0x21f ./Core/Src/stm32f4xx_it.o
 .debug_macro   0x0000000000020681       0xff ./Core/Src/sysmem.o
 .debug_macro   0x0000000000020780      0x23b ./Core/Src/sysmem.o
 .debug_macro   0x00000000000209bb      0x206 ./Core/Src/system_stm32f4xx.o
 .debug_macro   0x0000000000020bc1      0x266 ./Drivers/STM32F4xx_HAL_Driver/Src/stm32f4xx_hal.o
 .debug_macro   0x0000000000020e27      0x206 ./Drivers/STM32F4xx_HAL_Driver/Src/stm32f4xx_hal_cortex.o
 .debug_macro   0x000000000002102d      0x20c ./Drivers/STM32F4xx_HAL_Driver/Src/stm32f4xx_hal_gpio.o
 .debug_macro   0x0000000000021239      0x206 ./Drivers/STM32F4xx_HAL_Driver/Src/stm32f4xx_hal_hcd.o
 .debug_macro   0x000000000002143f      0x24d ./Drivers/STM32F4xx_HAL_Driver/Src/stm32f4xx_hal_i2c.o
 .debug_macro   0x000000000002168c      0x20e ./Drivers/STM32F4xx_HAL_Driver/Src/stm32f4xx_hal_i2s.o
 .debug_macro   0x000000000002189a      0x206 ./Drivers/STM32F4xx_HAL_Driver/Src/stm32f4xx_hal_i2s_ex.o
 .debug_macro   0x0000000000021aa0      0x22a ./Drivers/STM32F4xx_HAL_Driver/Src/stm32f4xx_hal_rcc.o
 .debug_macro   0x0000000000021cca      0x206 ./Drivers/STM32F4xx_HAL_Driver/Src/stm32f4xx_hal_rcc_ex.o
 .debug_macro   0x0000000000021ed0      0x215 ./Drivers/STM32F4xx_HAL_Driver/Src/stm32f4xx_hal_spi.o
 .debug_macro   0x00000000000220e5      0x206 ./Drivers/STM32F4xx_HAL_Driver/Src/stm32f4xx_ll_usb.o
 .debug_macro   0x00000000000222eb      0x434 ./Middlewares/ST/STM32_USB_Host_Library/Class/CDC/Src/usbh_cdc.o
 .debug_macro   0x000000000002271f       0x16 ./Middlewares/ST/STM32_USB_Host_Library/Class/CDC/Src/usbh_cdc.o
 .debug_macro   0x0000000000022735       0x97 ./Middlewares/ST/STM32_USB_Host_Library/Class/CDC/Src/usbh_cdc.o
 .debug_macro   0x00000000000227cc       0xfd ./Middlewares/ST/STM32_USB_Host_Library/Class/CDC/Src/usbh_cdc.o
 .debug_macro   0x00000000000228c9       0x16 ./Middlewares/ST/STM32_USB_Host_Library/Class/CDC/Src/usbh_cdc.o
 .debug_macro   0x00000000000228df       0x20 ./Middlewares/ST/STM32_USB_Host_Library/Class/CDC/Src/usbh_cdc.o
 .debug_macro   0x00000000000228ff       0x56 ./Middlewares/ST/STM32_USB_Host_Library/Class/CDC/Src/usbh_cdc.o
 .debug_macro   0x0000000000022955       0x73 ./Middlewares/ST/STM32_USB_Host_Library/Class/CDC/Src/usbh_cdc.o
 .debug_macro   0x00000000000229c8      0x233 ./Middlewares/ST/STM32_USB_Host_Library/Class/CDC/Src/usbh_cdc.o
 .debug_macro   0x0000000000022bfb       0x2e ./Middlewares/ST/STM32_USB_Host_Library/Class/CDC/Src/usbh_cdc.o
 .debug_macro   0x0000000000022c29       0x2e ./Middlewares/ST/STM32_USB_Host_Library/Class/CDC/Src/usbh_cdc.o
 .debug_macro   0x0000000000022c57       0x28 ./Middlewares/ST/STM32_USB_Host_Library/Class/CDC/Src/usbh_cdc.o
 .debug_macro   0x0000000000022c7f      0x15c ./Middlewares/ST/STM32_USB_Host_Library/Class/CDC/Src/usbh_cdc.o
 .debug_macro   0x0000000000022ddb      0x431 ./Middlewares/ST/STM32_USB_Host_Library/Core/Src/usbh_core.o
 .debug_macro   0x000000000002320c      0x429 ./Middlewares/ST/STM32_USB_Host_Library/Core/Src/usbh_ctlreq.o
 .debug_macro   0x0000000000023635       0x28 ./Middlewares/ST/STM32_USB_Host_Library/Core/Src/usbh_ctlreq.o
 .debug_macro   0x000000000002365d      0x423 ./Middlewares/ST/STM32_USB_Host_Library/Core/Src/usbh_ioreq.o
 .debug_macro   0x0000000000023a80      0x423 ./Middlewares/ST/STM32_USB_Host_Library/Core/Src/usbh_pipes.o
 .debug_macro   0x0000000000023ea3      0x432 ./USB_HOST/App/usb_host.o
 .debug_macro   0x00000000000242d5       0x52 ./USB_HOST/App/usb_host.o
 .debug_macro   0x0000000000024327      0x196 ./USB_HOST/App/usb_host.o
 .debug_macro   0x00000000000244bd      0x162 ./USB_HOST/App/usb_host.o
 .debug_macro   0x000000000002461f      0x433 ./USB_HOST/Target/usbh_conf.o
 .debug_macro   0x0000000000024a52      0x21a ./USB_HOST/Target/usbh_platform.o

.debug_line     0x0000000000000000    0x1991a
 .debug_line    0x0000000000000000      0x605 ./Core/Inc/lis302dl.o